Archive member included to satisfy reference by file (symbol)

c:/program files (x86)/atmel/studio/7.0/toolchain/arm/arm-gnu-toolchain/bin/../lib/gcc/arm-none-eabi/6.3.1/thumb/v7e-m\libgcc.a(_arm_addsubdf3.o)
                              src/main.o (__aeabi_ui2d)
c:/program files (x86)/atmel/studio/7.0/toolchain/arm/arm-gnu-toolchain/bin/../lib/gcc/arm-none-eabi/6.3.1/thumb/v7e-m\libgcc.a(_arm_muldivdf3.o)
                              src/main.o (__aeabi_dmul)
c:/program files (x86)/atmel/studio/7.0/toolchain/arm/arm-gnu-toolchain/bin/../lib/gcc/arm-none-eabi/6.3.1/thumb/v7e-m\libgcc.a(_arm_truncdfsf2.o)
                              src/main.o (__aeabi_d2f)
c:/program files (x86)/atmel/studio/7.0/toolchain/arm/arm-gnu-toolchain/bin/../lib/gcc/arm-none-eabi/6.3.1/../../../../arm-none-eabi/lib/thumb/v7e-m\libc.a(lib_a-exit.o)
                              c:/program files (x86)/atmel/studio/7.0/toolchain/arm/arm-gnu-toolchain/bin/../lib/gcc/arm-none-eabi/6.3.1/../../../../arm-none-eabi/lib/thumb/v7e-m/crt0.o (exit)
c:/program files (x86)/atmel/studio/7.0/toolchain/arm/arm-gnu-toolchain/bin/../lib/gcc/arm-none-eabi/6.3.1/../../../../arm-none-eabi/lib/thumb/v7e-m\libc.a(lib_a-impure.o)
                              c:/program files (x86)/atmel/studio/7.0/toolchain/arm/arm-gnu-toolchain/bin/../lib/gcc/arm-none-eabi/6.3.1/../../../../arm-none-eabi/lib/thumb/v7e-m\libc.a(lib_a-exit.o) (_global_impure_ptr)
c:/program files (x86)/atmel/studio/7.0/toolchain/arm/arm-gnu-toolchain/bin/../lib/gcc/arm-none-eabi/6.3.1/../../../../arm-none-eabi/lib/thumb/v7e-m\libc.a(lib_a-init.o)
                              c:/program files (x86)/atmel/studio/7.0/toolchain/arm/arm-gnu-toolchain/bin/../lib/gcc/arm-none-eabi/6.3.1/../../../../arm-none-eabi/lib/thumb/v7e-m/crt0.o (__libc_init_array)
c:/program files (x86)/atmel/studio/7.0/toolchain/arm/arm-gnu-toolchain/bin/../lib/gcc/arm-none-eabi/6.3.1/../../../../arm-none-eabi/lib/thumb/v7e-m\libc.a(lib_a-memset.o)
                              c:/program files (x86)/atmel/studio/7.0/toolchain/arm/arm-gnu-toolchain/bin/../lib/gcc/arm-none-eabi/6.3.1/../../../../arm-none-eabi/lib/thumb/v7e-m/crt0.o (memset)
c:/program files (x86)/atmel/studio/7.0/toolchain/arm/arm-gnu-toolchain/bin/../lib/gcc/arm-none-eabi/6.3.1/../../../../arm-none-eabi/lib/thumb/v7e-m\libc.a(lib_a-sprintf.o)
                              src/main.o (sprintf)
c:/program files (x86)/atmel/studio/7.0/toolchain/arm/arm-gnu-toolchain/bin/../lib/gcc/arm-none-eabi/6.3.1/../../../../arm-none-eabi/lib/thumb/v7e-m\libc.a(lib_a-svfprintf.o)
                              c:/program files (x86)/atmel/studio/7.0/toolchain/arm/arm-gnu-toolchain/bin/../lib/gcc/arm-none-eabi/6.3.1/../../../../arm-none-eabi/lib/thumb/v7e-m\libc.a(lib_a-sprintf.o) (_svfprintf_r)
c:/program files (x86)/atmel/studio/7.0/toolchain/arm/arm-gnu-toolchain/bin/../lib/gcc/arm-none-eabi/6.3.1/../../../../arm-none-eabi/lib/thumb/v7e-m\libc.a(lib_a-__call_atexit.o)
                              c:/program files (x86)/atmel/studio/7.0/toolchain/arm/arm-gnu-toolchain/bin/../lib/gcc/arm-none-eabi/6.3.1/../../../../arm-none-eabi/lib/thumb/v7e-m\libc.a(lib_a-exit.o) (__call_exitprocs)
c:/program files (x86)/atmel/studio/7.0/toolchain/arm/arm-gnu-toolchain/bin/../lib/gcc/arm-none-eabi/6.3.1/../../../../arm-none-eabi/lib/thumb/v7e-m\libc.a(lib_a-atexit.o)
                              c:/program files (x86)/atmel/studio/7.0/toolchain/arm/arm-gnu-toolchain/bin/../lib/gcc/arm-none-eabi/6.3.1/../../../../arm-none-eabi/lib/thumb/v7e-m\libc.a(lib_a-__call_atexit.o) (atexit)
c:/program files (x86)/atmel/studio/7.0/toolchain/arm/arm-gnu-toolchain/bin/../lib/gcc/arm-none-eabi/6.3.1/../../../../arm-none-eabi/lib/thumb/v7e-m\libc.a(lib_a-dtoa.o)
                              c:/program files (x86)/atmel/studio/7.0/toolchain/arm/arm-gnu-toolchain/bin/../lib/gcc/arm-none-eabi/6.3.1/../../../../arm-none-eabi/lib/thumb/v7e-m\libc.a(lib_a-svfprintf.o) (_dtoa_r)
c:/program files (x86)/atmel/studio/7.0/toolchain/arm/arm-gnu-toolchain/bin/../lib/gcc/arm-none-eabi/6.3.1/../../../../arm-none-eabi/lib/thumb/v7e-m\libc.a(lib_a-fini.o)
                              c:/program files (x86)/atmel/studio/7.0/toolchain/arm/arm-gnu-toolchain/bin/../lib/gcc/arm-none-eabi/6.3.1/../../../../arm-none-eabi/lib/thumb/v7e-m\libc.a(lib_a-__call_atexit.o) (__libc_fini_array)
c:/program files (x86)/atmel/studio/7.0/toolchain/arm/arm-gnu-toolchain/bin/../lib/gcc/arm-none-eabi/6.3.1/../../../../arm-none-eabi/lib/thumb/v7e-m\libc.a(lib_a-localeconv.o)
                              c:/program files (x86)/atmel/studio/7.0/toolchain/arm/arm-gnu-toolchain/bin/../lib/gcc/arm-none-eabi/6.3.1/../../../../arm-none-eabi/lib/thumb/v7e-m\libc.a(lib_a-svfprintf.o) (_localeconv_r)
c:/program files (x86)/atmel/studio/7.0/toolchain/arm/arm-gnu-toolchain/bin/../lib/gcc/arm-none-eabi/6.3.1/../../../../arm-none-eabi/lib/thumb/v7e-m\libc.a(lib_a-lock.o)
[...]
Memory Configuration

Name             Origin             Length             Attributes
rom              0x00400000         0x00200000         xr
ram              0x20400000         0x00060000         xrw
*default*        0x00000000         0xffffffff

Linker script and memory map

LOAD c:/program files (x86)/atmel/studio/7.0/toolchain/arm/arm-gnu-toolchain/bin/../lib/gcc/arm-none-eabi/6.3.1/thumb/v7e-m/crti.o
LOAD c:/program files (x86)/atmel/studio/7.0/toolchain/arm/arm-gnu-toolchain/bin/../lib/gcc/arm-none-eabi/6.3.1/thumb/v7e-m/crtbegin.o
LOAD c:/program files (x86)/atmel/studio/7.0/toolchain/arm/arm-gnu-toolchain/bin/../lib/gcc/arm-none-eabi/6.3.1/../../../../arm-none-eabi/lib/thumb/v7e-m/crt0.o
LOAD src/ASF/sam/drivers/rtc/rtc.o
LOAD src/ASF/sam/drivers/rtt/rtt.o
LOAD src/ASF/sam/drivers/spi/spi.o
LOAD src/ASF/sam/drivers/tc/tc.o
LOAD src/utils.o
LOAD src/oled/gfx_mono_framebuffer.o
LOAD src/oled/gfx_mono_generic.o
LOAD src/oled/gfx_mono_text.o
LOAD src/oled/gfx_mono_ug_2832hsweg04.o
LOAD src/oled/ssd1306.o
LOAD src/oled/sysfont.o
LOAD src/ASF/common/services/delay/sam/cycle_counter.o
LOAD src/ASF/common/services/clock/same70/sysclk.o
LOAD src/ASF/common/utils/interrupt/interrupt_sam_nvic.o
LOAD src/ASF/sam/boards/same70_xplained/init.o
LOAD src/ASF/sam/drivers/mpu/mpu.o
LOAD src/ASF/sam/drivers/pio/pio.o
LOAD src/ASF/sam/drivers/pio/pio_handler.o
LOAD src/ASF/sam/drivers/pmc/pmc.o
LOAD src/ASF/sam/drivers/pmc/sleep.o
LOAD src/ASF/sam/utils/cmsis/same70/source/templates/gcc/startup_same70.o
LOAD src/ASF/sam/utils/cmsis/same70/source/templates/system_same70.o
LOAD src/ASF/sam/utils/syscalls/gcc/syscalls.o
LOAD src/main.o
START GROUP
LOAD ../src/ASF/thirdparty/CMSIS/Lib/GCC\libarm_cortexM7lfsp_math_softfp.a
LOAD c:/program files (x86)/atmel/studio/7.0/toolchain/arm/arm-gnu-toolchain/bin/../lib/gcc/arm-none-eabi/6.3.1/../../../../arm-none-eabi/lib/thumb/v7e-m\libm.a
END GROUP
START GROUP
LOAD c:/program files (x86)/atmel/studio/7.0/toolchain/arm/arm-gnu-toolchain/bin/../lib/gcc/arm-none-eabi/6.3.1/thumb/v7e-m\libgcc.a
LOAD c:/program files (x86)/atmel/studio/7.0/toolchain/arm/arm-gnu-toolchain/bin/../lib/gcc/arm-none-eabi/6.3.1/../../../../arm-none-eabi/lib/thumb/v7e-m\libc.a
END GROUP
LOAD c:/program files (x86)/atmel/studio/7.0/toolchain/arm/arm-gnu-toolchain/bin/../lib/gcc/arm-none-eabi/6.3.1/thumb/v7e-m/crtend.o
LOAD c:/program files (x86)/atmel/studio/7.0/toolchain/arm/arm-gnu-toolchain/bin/../lib/gcc/arm-none-eabi/6.3.1/thumb/v7e-m/crtn.o
                0x00002000                STACK_SIZE = DEFINED (STACK_SIZE)?STACK_SIZE:0x2000
                0x2045fffc                __ram_end__ = ((ORIGIN (ram) + LENGTH (ram)) - 0x4)
                0x00000200                HEAP_SIZE = DEFINED (HEAP_SIZE)?HEAP_SIZE:0x200

.text           0x00400000     0x717c
                0x00400000                . = ALIGN (0x4)
                0x00400000                _sfixed = .
 *(.vectors .vectors.*)
 .vectors       0x00400000      0x140 src/ASF/sam/utils/cmsis/same70/source/templates/gcc/startup_same70.o
                0x00400000                exception_table
 *(.text .text.* .gnu.linkonce.t.*)
 .text          0x00400140       0x6c c:/program files (x86)/atmel/studio/7.0/toolchain/arm/arm-gnu-toolchain/bin/../lib/gcc/arm-none-eabi/6.3.1/thumb/v7e-m/crtbegin.o
 .text.rtt_init
                0x004001ac       0x14 src/ASF/sam/drivers/rtt/rtt.o
                0x004001ac                rtt_init
 .text.rtt_sel_source
                0x004001c0       0x2c src/ASF/sam/drivers/rtt/rtt.o
                0x004001c0                rtt_sel_source
 .text.rtt_enable_interrupt
                0x004001ec       0x14 src/ASF/sam/drivers/rtt/rtt.o
                0x004001ec                rtt_enable_interrupt
 .text.rtt_disable_interrupt
                0x00400200       0x14 src/ASF/sam/drivers/rtt/rtt.o
                0x00400200                rtt_disable_interrupt
 .text.rtt_read_timer_value
                0x00400214       0x14 src/ASF/sam/drivers/rtt/rtt.o
                0x00400214                rtt_read_timer_value
 .text.rtt_get_status
                0x00400228        0x4 src/ASF/sam/drivers/rtt/rtt.o
                0x00400228                rtt_get_status
 .text.rtt_write_alarm_time
                0x0040022c       0x44 src/ASF/sam/drivers/rtt/rtt.o
                0x0040022c                rtt_write_alarm_time
 .text.spi_enable_clock
                0x00400270       0x2c src/ASF/sam/drivers/spi/spi.o
                0x00400270                spi_enable_clock
 .text.spi_set_peripheral_chip_select_value
                0x0040029c       0x16 src/ASF/sam/drivers/spi/spi.o
                0x0040029c                spi_set_peripheral_chip_select_value
 .text.spi_write
                0x004002b2       0x34 src/ASF/sam/drivers/spi/spi.o
                0x004002b2                spi_write
 .text.spi_set_clock_polarity
                0x004002e6       0x1e src/ASF/sam/drivers/spi/spi.o
                0x004002e6                spi_set_clock_polarity
 .text.spi_set_clock_phase
                0x00400304       0x1e src/ASF/sam/drivers/spi/spi.o
                0x00400304                spi_set_clock_phase
 .text.spi_configure_cs_behavior
                0x00400322       0x46 src/ASF/sam/drivers/spi/spi.o
                0x00400322                spi_configure_cs_behavior
 .text.spi_set_bits_per_transfer
                0x00400368       0x14 src/ASF/sam/drivers/spi/spi.o
                0x00400368                spi_set_bits_per_transfer
 .text.spi_calc_baudrate_div
                0x0040037c       0x16 src/ASF/sam/drivers/spi/spi.o
                0x0040037c                spi_calc_baudrate_div
 .text.spi_set_baudrate_div
                0x00400392       0x28 src/ASF/sam/drivers/spi/spi.o
                0x00400392                spi_set_baudrate_div
 *fill*         0x004003ba        0x2 
 .text.RTT_init
                0x004003bc       0xb8 src/utils.o
                0x004003bc                RTT_init
 .text.config_button
                0x00400474       0xbc src/utils.o
                0x00400474                config_button
 .text.gfx_mono_set_framebuffer
                0x00400530        0xc src/oled/gfx_mono_framebuffer.o
                0x00400530                gfx_mono_set_framebuffer
 .text.gfx_mono_framebuffer_put_byte
                0x0040053c       0x10 src/oled/gfx_mono_framebuffer.o
                0x0040053c                gfx_mono_framebuffer_put_byte
 .text.gfx_mono_framebuffer_get_byte
                0x0040054c       0x10 src/oled/gfx_mono_framebuffer.o
                0x0040054c                gfx_mono_framebuffer_get_byte
 .text.gfx_mono_generic_draw_horizontal_line
                0x0040055c       0xd0 src/oled/gfx_mono_generic.o
                0x0040055c                gfx_mono_generic_draw_horizontal_line
 .text.gfx_mono_generic_draw_vertical_line
                0x0040062c       0xa0 src/oled/gfx_mono_generic.o
                0x0040062c                gfx_mono_generic_draw_vertical_line
 .text.gfx_mono_generic_draw_rect
                0x004006cc       0x50 src/oled/gfx_mono_generic.o
                0x004006cc                gfx_mono_generic_draw_rect
 .text.gfx_mono_generic_draw_filled_rect
                0x0040071c       0x38 src/oled/gfx_mono_generic.o
                0x0040071c                gfx_mono_generic_draw_filled_rect
 .text.gfx_mono_draw_char
                0x00400754       0xac src/oled/gfx_mono_text.o
                0x00400754                gfx_mono_draw_char
 .text.gfx_mono_draw_string
                0x00400800       0x48 src/oled/gfx_mono_text.o
                0x00400800                gfx_mono_draw_string
 .text.gfx_mono_ssd1306_put_byte
                0x00400848       0x50 src/oled/gfx_mono_ug_2832hsweg04.o
                0x00400848                gfx_mono_ssd1306_put_byte
 .text.gfx_mono_ssd1306_init
                0x00400898       0x50 src/oled/gfx_mono_ug_2832hsweg04.o
                0x00400898                gfx_mono_ssd1306_init
 .text.gfx_mono_ssd1306_draw_pixel
                0x004008e8       0x64 src/oled/gfx_mono_ug_2832hsweg04.o
                0x004008e8                gfx_mono_ssd1306_draw_pixel
 .text.gfx_mono_ssd1306_get_byte
                0x0040094c        0xc src/oled/gfx_mono_ug_2832hsweg04.o
                0x0040094c                gfx_mono_ssd1306_get_byte
 .text.gfx_mono_ssd1306_mask_byte
                0x00400958       0x44 src/oled/gfx_mono_ug_2832hsweg04.o
                0x00400958                gfx_mono_ssd1306_mask_byte
 .text.ssd1306_write_command
                0x0040099c       0x40 src/oled/ssd1306.o
                0x0040099c                ssd1306_write_command
 .text.ssd1306_init
                0x004009dc      0x1e0 src/oled/ssd1306.o
                0x004009dc                ssd1306_init
 .text.ssd1306_write_data
                0x00400bbc       0x40 src/oled/ssd1306.o
                0x00400bbc                ssd1306_write_data
 .text.sysclk_init
                0x00400bfc       0x70 src/ASF/common/services/clock/same70/sysclk.o
                0x00400bfc                sysclk_init
 .text.board_init
                0x00400c6c      0x140 src/ASF/sam/boards/same70_xplained/init.o
                0x00400c6c                board_init
 .text.pio_set_debounce_filter
                0x00400dac       0x1a src/ASF/sam/drivers/pio/pio.o
                0x00400dac                pio_set_debounce_filter
 .text.pio_set  0x00400dc6        0x4 src/ASF/sam/drivers/pio/pio.o
                0x00400dc6                pio_set
 .text.pio_clear
                0x00400dca        0x4 src/ASF/sam/drivers/pio/pio.o
                0x00400dca                pio_clear
 .text.pio_get  0x00400dce       0x1a src/ASF/sam/drivers/pio/pio.o
                0x00400dce                pio_get
 .text.pio_set_peripheral
                0x00400de8       0x92 src/ASF/sam/drivers/pio/pio.o
                0x00400de8                pio_set_peripheral
 .text.pio_set_input
                0x00400e7a       0x36 src/ASF/sam/drivers/pio/pio.o
                0x00400e7a                pio_set_input
 .text.pio_set_output
                0x00400eb0       0x28 src/ASF/sam/drivers/pio/pio.o
                0x00400eb0                pio_set_output
 .text.pio_configure
                0x00400ed8       0x90 src/ASF/sam/drivers/pio/pio.o
                0x00400ed8                pio_configure
 .text.pio_configure_interrupt
                0x00400f68       0x32 src/ASF/sam/drivers/pio/pio.o
                0x00400f68                pio_configure_interrupt
 .text.pio_enable_interrupt
                0x00400f9a        0x4 src/ASF/sam/drivers/pio/pio.o
                0x00400f9a                pio_enable_interrupt
 .text.pio_get_interrupt_status
                0x00400f9e        0x4 src/ASF/sam/drivers/pio/pio.o
                0x00400f9e                pio_get_interrupt_status
 .text.pio_get_interrupt_mask
                0x00400fa2        0x4 src/ASF/sam/drivers/pio/pio.o
                0x00400fa2                pio_get_interrupt_mask
 *fill*         0x00400fa6        0x2 
 .text.pio_handler_process
                0x00400fa8       0x50 src/ASF/sam/drivers/pio/pio_handler.o
                0x00400fa8                pio_handler_process
 .text.pio_handler_set
                0x00400ff8       0x70 src/ASF/sam/drivers/pio/pio_handler.o
                0x00400ff8                pio_handler_set
 .text.PIOA_Handler
                0x00401068       0x14 src/ASF/sam/drivers/pio/pio_handler.o
                0x00401068                PIOA_Handler
 .text.PIOB_Handler
                0x0040107c       0x14 src/ASF/sam/drivers/pio/pio_handler.o
                0x0040107c                PIOB_Handler
 .text.PIOC_Handler
                0x00401090       0x14 src/ASF/sam/drivers/pio/pio_handler.o
                0x00401090                PIOC_Handler
 .text.PIOD_Handler
                0x004010a4       0x14 src/ASF/sam/drivers/pio/pio_handler.o
                0x004010a4                PIOD_Handler
 .text.PIOE_Handler
                0x004010b8       0x14 src/ASF/sam/drivers/pio/pio_handler.o
                0x004010b8                PIOE_Handler
 .text.pmc_mck_set_division
                0x004010cc       0x38 src/ASF/sam/drivers/pmc/pmc.o
                0x004010cc                pmc_mck_set_division
 .text.pmc_switch_mck_to_pllack
                0x00401104       0x64 src/ASF/sam/drivers/pmc/pmc.o
                0x00401104                pmc_switch_mck_to_pllack
 .text.pmc_switch_mainck_to_xtal
                0x00401168       0x54 src/ASF/sam/drivers/pmc/pmc.o
                0x00401168                pmc_switch_mainck_to_xtal
 .text.pmc_osc_is_ready_mainck
                0x004011bc       0x10 src/ASF/sam/drivers/pmc/pmc.o
                0x004011bc                pmc_osc_is_ready_mainck
 .text.pmc_disable_pllack
                0x004011cc       0x10 src/ASF/sam/drivers/pmc/pmc.o
                0x004011cc                pmc_disable_pllack
 .text.pmc_is_locked_pllack
                0x004011dc       0x10 src/ASF/sam/drivers/pmc/pmc.o
                0x004011dc                pmc_is_locked_pllack
 .text.pmc_enable_periph_clk
                0x004011ec       0x54 src/ASF/sam/drivers/pmc/pmc.o
                0x004011ec                pmc_enable_periph_clk
 .text.pmc_set_flash_in_wait_mode
                0x00401240        0x2 src/ASF/sam/drivers/pmc/pmc.o
                0x00401240                pmc_set_flash_in_wait_mode
 *fill*         0x00401242        0x2 
 .text.pmc_enable_waitmode
                0x00401244       0x4c src/ASF/sam/drivers/pmc/pmc.o
                0x00401244                pmc_enable_waitmode
 .text.pmc_sleep
                0x00401290      0x274 src/ASF/sam/drivers/pmc/sleep.o
                0x00401290                pmc_sleep
 .text.Dummy_Handler
                0x00401504        0x2 src/ASF/sam/utils/cmsis/same70/source/templates/gcc/startup_same70.o
                0x00401504                DACC_Handler
                0x00401504                DebugMon_Handler
                0x00401504                UART3_Handler
                0x00401504                UART2_Handler
                0x00401504                TRNG_Handler
                0x00401504                HardFault_Handler
                0x00401504                TC2_Handler
                0x00401504                SysTick_Handler
                0x00401504                AFEC1_Handler
                0x00401504                PendSV_Handler
                0x00401504                NMI_Handler
                0x00401504                TC7_Handler
                0x00401504                QSPI_Handler
                0x00401504                ISI_Handler
                0x00401504                TC9_Handler
                0x00401504                RSWDT_Handler
                0x00401504                MCAN1_Handler
                0x00401504                USART0_Handler
                0x00401504                USBHS_Handler
                0x00401504                RTC_Handler
                0x00401504                UsageFault_Handler
                0x00401504                TC6_Handler
                0x00401504                WDT_Handler
                0x00401504                TC4_Handler
                0x00401504                TC1_Handler
                0x00401504                HSMCI_Handler
                0x00401504                UART1_Handler
                0x00401504                TC3_Handler
                0x00401504                Dummy_Handler
                0x00401504                TWIHS1_Handler
                0x00401504                XDMAC_Handler
                0x00401504                UART4_Handler
                0x00401504                PWM1_Handler
                0x00401504                USART1_Handler
                0x00401504                PWM0_Handler
                0x00401504                AFEC0_Handler
                0x00401504                SSC_Handler
                0x00401504                TC11_Handler
                0x00401504                ACC_Handler
                0x00401504                PMC_Handler
                0x00401504                GMAC_Handler
                0x00401504                MemManage_Handler
                0x00401504                SUPC_Handler
                0x00401504                SVC_Handler
                0x00401504                TC8_Handler
                0x00401504                EFC_Handler
                0x00401504                USART2_Handler
                0x00401504                SDRAMC_Handler
                0x00401504                SPI1_Handler
                0x00401504                MCAN0_Handler
                0x00401504                TC10_Handler
                0x00401504                TWIHS2_Handler
                0x00401504                UART0_Handler
                0x00401504                BusFault_Handler
                0x00401504                RSTC_Handler
                0x00401504                TC0_Handler
                0x00401504                TC5_Handler
                0x00401504                ICM_Handler
                0x00401504                AES_Handler
                0x00401504                TWIHS0_Handler
                0x00401504                SPI0_Handler
 *fill*         0x00401506        0x2 
 .text.Reset_Handler
                0x00401508       0xc8 src/ASF/sam/utils/cmsis/same70/source/templates/gcc/startup_same70.o
                0x00401508                Reset_Handler
 .text.SystemCoreClockUpdate
                0x004015d0      0x10c src/ASF/sam/utils/cmsis/same70/source/templates/system_same70.o
                0x004015d0                SystemCoreClockUpdate
 .text.system_init_flash
                0x004016dc       0x8c src/ASF/sam/utils/cmsis/same70/source/templates/system_same70.o
                0x004016dc                system_init_flash
 .text._sbrk    0x00401768       0x38 src/ASF/sam/utils/syscalls/gcc/syscalls.o
                0x00401768                _sbrk
 .text.but_callBack
                0x004017a0        0xc src/main.o
                0x004017a0                but_callBack
 .text.echo_callback
                0x004017ac       0x60 src/main.o
                0x004017ac                echo_callback
 .text.limpa_oled
                0x0040180c       0x2c src/main.o
                0x0040180c                limpa_oled
 .text.onda     0x00401838       0x34 src/main.o
                0x00401838                onda
 .text.RTT_Handler
                0x0040186c       0x14 src/main.o
                0x0040186c                RTT_Handler
 .text.io_init  0x00401880       0x64 src/main.o
                0x00401880                io_init
 .text.main     0x004018e4      0x1b8 src/main.o
                0x004018e4                main
 .text          0x00401a9c      0x370 c:/program files (x86)/atmel/studio/7.0/toolchain/arm/arm-gnu-toolchain/bin/../lib/gcc/arm-none-eabi/6.3.1/thumb/v7e-m\libgcc.a(_arm_addsubdf3.o)
                0x00401a9c                __aeabi_drsub
                0x00401aa4                __aeabi_dsub
                0x00401aa4                __subdf3
                0x00401aa8                __aeabi_dadd
                0x00401aa8                __adddf3
                0x00401d20                __floatunsidf
                0x00401d20                __aeabi_ui2d
                0x00401d40                __floatsidf
                0x00401d40                __aeabi_i2d
                0x00401d64                __aeabi_f2d
                0x00401d64                __extendsfdf2
                0x00401da0                __floatundidf
                0x00401da0                __aeabi_ul2d
                0x00401db0                __floatdidf
                0x00401db0                __aeabi_l2d
 .text          0x00401e0c      0x424 c:/program files (x86)/atmel/studio/7.0/toolchain/arm/arm-gnu-toolchain/bin/../lib/gcc/arm-none-eabi/6.3.1/thumb/v7e-m\libgcc.a(_arm_muldivdf3.o)
                0x00401e0c                __aeabi_dmul
                0x00401e0c                __muldf3
                0x00402060                __divdf3
                0x00402060                __aeabi_ddiv
 .text          0x00402230       0xa0 c:/program files (x86)/atmel/studio/7.0/toolchain/arm/arm-gnu-toolchain/bin/../lib/gcc/arm-none-eabi/6.3.1/thumb/v7e-m\libgcc.a(_arm_truncdfsf2.o)
                0x00402230                __truncdfsf2
                0x00402230                __aeabi_d2f
 .text.__libc_init_array
                0x004022d0       0x50 c:/program files (x86)/atmel/studio/7.0/toolchain/arm/arm-gnu-toolchain/bin/../lib/gcc/arm-none-eabi/6.3.1/../../../../arm-none-eabi/lib/thumb/v7e-m\libc.a(lib_a-init.o)
                0x004022d0                __libc_init_array
 .text.memset   0x00402320       0x9c c:/program files (x86)/atmel/studio/7.0/toolchain/arm/arm-gnu-toolchain/bin/../lib/gcc/arm-none-eabi/6.3.1/../../../../arm-none-eabi/lib/thumb/v7e-m\libc.a(lib_a-memset.o)
                0x00402320                memset
 .text.sprintf  0x004023bc       0x4c c:/program files (x86)/atmel/studio/7.0/toolchain/arm/arm-gnu-toolchain/bin/../lib/gcc/arm-none-eabi/6.3.1/../../../../arm-none-eabi/lib/thumb/v7e-m\libc.a(lib_a-sprintf.o)
                0x004023bc                sprintf
 .text._svfprintf_r
                0x00402408     0x145c c:/program files (x86)/atmel/studio/7.0/toolchain/arm/arm-gnu-toolchain/bin/../lib/gcc/arm-none-eabi/6.3.1/../../../../arm-none-eabi/lib/thumb/v7e-m\libc.a(lib_a-svfprintf.o)
                0x00402408                _svfprintf_r
 .text.startup.register_fini
                0x00403864       0x14 c:/program files (x86)/atmel/studio/7.0/toolchain/arm/arm-gnu-toolchain/bin/../lib/gcc/arm-none-eabi/6.3.1/../../../../arm-none-eabi/lib/thumb/v7e-m\libc.a(lib_a-__call_atexit.o)
 .text.atexit   0x00403878        0xc c:/program files (x86)/atmel/studio/7.0/toolchain/arm/arm-gnu-toolchain/bin/../lib/gcc/arm-none-eabi/6.3.1/../../../../arm-none-eabi/lib/thumb/v7e-m\libc.a(lib_a-atexit.o)
                0x00403878                atexit
 .text.quorem   0x00403884      0x128 c:/program files (x86)/atmel/studio/7.0/toolchain/arm/arm-gnu-toolchain/bin/../lib/gcc/arm-none-eabi/6.3.1/../../../../arm-none-eabi/lib/thumb/v7e-m\libc.a(lib_a-dtoa.o)
 *fill*         0x004039ac        0x4 
 .text._dtoa_r  0x004039b0      0xe54 c:/program files (x86)/atmel/studio/7.0/toolchain/arm/arm-gnu-toolchain/bin/../lib/gcc/arm-none-eabi/6.3.1/../../../../arm-none-eabi/lib/thumb/v7e-m\libc.a(lib_a-dtoa.o)
                0x004039b0                _dtoa_r
 .text.__libc_fini_array
                0x00404804       0x34 c:/program files (x86)/atmel/studio/7.0/toolchain/arm/arm-gnu-toolchain/bin/../lib/gcc/arm-none-eabi/6.3.1/../../../../arm-none-eabi/lib/thumb/v7e-m\libc.a(lib_a-fini.o)
                0x00404804                __libc_fini_array
 .text._localeconv_r
                0x00404838       0x1c c:/program files (x86)/atmel/studio/7.0/toolchain/arm/arm-gnu-toolchain/bin/../lib/gcc/arm-none-eabi/6.3.1/../../../../arm-none-eabi/lib/thumb/v7e-m\libc.a(lib_a-localeconv.o)
                0x00404838                _localeconv_r
 .text.__retarget_lock_acquire_recursive
                0x00404854        0x4 c:/program files (x86)/atmel/studio/7.0/toolchain/arm/arm-gnu-toolchain/bin/../lib/gcc/arm-none-eabi/6.3.1/../../../../arm-none-eabi/lib/thumb/v7e-m\libc.a(lib_a-lock.o)
                0x00404854                __retarget_lock_acquire_recursive
 .text.__retarget_lock_release_recursive
                0x00404858        0x4 c:/program files (x86)/atmel/studio/7.0/toolchain/arm/arm-gnu-toolchain/bin/../lib/gcc/arm-none-eabi/6.3.1/../../../../arm-none-eabi/lib/thumb/v7e-m\libc.a(lib_a-lock.o)
                0x00404858                __retarget_lock_release_recursive
 .text._malloc_r
                0x0040485c      0x560 c:/program files (x86)/atmel/studio/7.0/toolchain/arm/arm-gnu-toolchain/bin/../lib/gcc/arm-none-eabi/6.3.1/../../../../arm-none-eabi/lib/thumb/v7e-m\libc.a(lib_a-mallocr.o)
                0x0040485c                _malloc_r
 *fill*         0x00404dbc        0x4 
 .text          0x00404dc0       0xa0 c:/program files (x86)/atmel/studio/7.0/toolchain/arm/arm-gnu-toolchain/bin/../lib/gcc/arm-none-eabi/6.3.1/../../../../arm-none-eabi/lib/thumb/v7e-m\libc.a(lib_a-memchr.o)
                0x00404dc0                memchr
 .text          0x00404e60      0x134 c:/program files (x86)/atmel/studio/7.0/toolchain/arm/arm-gnu-toolchain/bin/../lib/gcc/arm-none-eabi/6.3.1/../../../../arm-none-eabi/lib/thumb/v7e-m\libc.a(lib_a-memcpy.o)
                0x00404e60                memcpy
 .text.__malloc_lock
                0x00404f94        0xc c:/program files (x86)/atmel/studio/7.0/toolchain/arm/arm-gnu-toolchain/bin/../lib/gcc/arm-none-eabi/6.3.1/../../../../arm-none-eabi/lib/thumb/v7e-m\libc.a(lib_a-mlock.o)
                0x00404f94                __malloc_lock
 .text.__malloc_unlock
                0x00404fa0        0xc c:/program files (x86)/atmel/studio/7.0/toolchain/arm/arm-gnu-toolchain/bin/../lib/gcc/arm-none-eabi/6.3.1/../../../../arm-none-eabi/lib/thumb/v7e-m\libc.a(lib_a-mlock.o)
                0x00404fa0                __malloc_unlock
 .text._Balloc  0x00404fac       0x4c c:/program files (x86)/atmel/studio/7.0/toolchain/arm/arm-gnu-toolchain/bin/../lib/gcc/arm-none-eabi/6.3.1/../../../../arm-none-eabi/lib/thumb/v7e-m\libc.a(lib_a-mprec.o)
                0x00404fac                _Balloc
 .text._Bfree   0x00404ff8       0x14 c:/program files (x86)/atmel/studio/7.0/toolchain/arm/arm-gnu-toolchain/bin/../lib/gcc/arm-none-eabi/6.3.1/../../../../arm-none-eabi/lib/thumb/v7e-m\libc.a(lib_a-mprec.o)
                0x00404ff8                _Bfree
 .text.__multadd
                0x0040500c       0x80 c:/program files (x86)/atmel/studio/7.0/toolchain/arm/arm-gnu-toolchain/bin/../lib/gcc/arm-none-eabi/6.3.1/../../../../arm-none-eabi/lib/thumb/v7e-m\libc.a(lib_a-mprec.o)
                0x0040500c                __multadd
 .text.__hi0bits
                0x0040508c       0x40 c:/program files (x86)/atmel/studio/7.0/toolchain/arm/arm-gnu-toolchain/bin/../lib/gcc/arm-none-eabi/6.3.1/../../../../arm-none-eabi/lib/thumb/v7e-m\libc.a(lib_a-mprec.o)
                0x0040508c                __hi0bits
 .text.__lo0bits
                0x004050cc       0x60 c:/program files (x86)/atmel/studio/7.0/toolchain/arm/arm-gnu-toolchain/bin/../lib/gcc/arm-none-eabi/6.3.1/../../../../arm-none-eabi/lib/thumb/v7e-m\libc.a(lib_a-mprec.o)
                0x004050cc                __lo0bits
 .text.__i2b    0x0040512c       0x14 c:/program files (x86)/atmel/studio/7.0/toolchain/arm/arm-gnu-toolchain/bin/../lib/gcc/arm-none-eabi/6.3.1/../../../../arm-none-eabi/lib/thumb/v7e-m\libc.a(lib_a-mprec.o)
                0x0040512c                __i2b
 .text.__multiply
                0x00405140      0x124 c:/program files (x86)/atmel/studio/7.0/toolchain/arm/arm-gnu-toolchain/bin/../lib/gcc/arm-none-eabi/6.3.1/../../../../arm-none-eabi/lib/thumb/v7e-m\libc.a(lib_a-mprec.o)
                0x00405140                __multiply
 .text.__pow5mult
                0x00405264       0xa0 c:/program files (x86)/atmel/studio/7.0/toolchain/arm/arm-gnu-toolchain/bin/../lib/gcc/arm-none-eabi/6.3.1/../../../../arm-none-eabi/lib/thumb/v7e-m\libc.a(lib_a-mprec.o)
                0x00405264                __pow5mult
 .text.__lshift
                0x00405304       0xa4 c:/program files (x86)/atmel/studio/7.0/toolchain/arm/arm-gnu-toolchain/bin/../lib/gcc/arm-none-eabi/6.3.1/../../../../arm-none-eabi/lib/thumb/v7e-m\libc.a(lib_a-mprec.o)
                0x00405304                __lshift
 .text.__mcmp   0x004053a8       0x38 c:/program files (x86)/atmel/studio/7.0/toolchain/arm/arm-gnu-toolchain/bin/../lib/gcc/arm-none-eabi/6.3.1/../../../../arm-none-eabi/lib/thumb/v7e-m\libc.a(lib_a-mprec.o)
                0x004053a8                __mcmp
 .text.__mdiff  0x004053e0      0x108 c:/program files (x86)/atmel/studio/7.0/toolchain/arm/arm-gnu-toolchain/bin/../lib/gcc/arm-none-eabi/6.3.1/../../../../arm-none-eabi/lib/thumb/v7e-m\libc.a(lib_a-mprec.o)
                0x004053e0                __mdiff
 .text.__d2b    0x004054e8       0xb8 c:/program files (x86)/atmel/studio/7.0/toolchain/arm/arm-gnu-toolchain/bin/../lib/gcc/arm-none-eabi/6.3.1/../../../../arm-none-eabi/lib/thumb/v7e-m\libc.a(lib_a-mprec.o)
                0x004054e8                __d2b
 .text._sbrk_r  0x004055a0       0x24 c:/program files (x86)/atmel/studio/7.0/toolchain/arm/arm-gnu-toolchain/bin/../lib/gcc/arm-none-eabi/6.3.1/../../../../arm-none-eabi/lib/thumb/v7e-m\libc.a(lib_a-sbrkr.o)
                0x004055a0                _sbrk_r
 *fill*         0x004055c4       0x3c 
 .text          0x00405600       0xdc c:/program files (x86)/atmel/studio/7.0/toolchain/arm/arm-gnu-toolchain/bin/../lib/gcc/arm-none-eabi/6.3.1/../../../../arm-none-eabi/lib/thumb/v7e-m\libc.a(lib_a-strlen.o)
                0x00405600                strlen
 .text.__ssprint_r
                0x004056dc       0xfc c:/program files (x86)/atmel/studio/7.0/toolchain/arm/arm-gnu-toolchain/bin/../lib/gcc/arm-none-eabi/6.3.1/../../../../arm-none-eabi/lib/thumb/v7e-m\libc.a(lib_a-svfiprintf.o)
                0x004056dc                __ssprint_r
 .text.__register_exitproc
                0x004057d8       0xc4 c:/program files (x86)/atmel/studio/7.0/toolchain/arm/arm-gnu-toolchain/bin/../lib/gcc/arm-none-eabi/6.3.1/../../../../arm-none-eabi/lib/thumb/v7e-m\libc.a(lib_a-__atexit.o)
                0x004057d8                __register_exitproc
 .text._calloc_r
                0x0040589c       0x60 c:/program files (x86)/atmel/studio/7.0/toolchain/arm/arm-gnu-toolchain/bin/../lib/gcc/arm-none-eabi/6.3.1/../../../../arm-none-eabi/lib/thumb/v7e-m\libc.a(lib_a-callocr.o)
                0x0040589c                _calloc_r
 .text._malloc_trim_r
                0x004058fc       0xa0 c:/program files (x86)/atmel/studio/7.0/toolchain/arm/arm-gnu-toolchain/bin/../lib/gcc/arm-none-eabi/6.3.1/../../../../arm-none-eabi/lib/thumb/v7e-m\libc.a(lib_a-freer.o)
                0x004058fc                _malloc_trim_r
 .text._free_r  0x0040599c      0x1cc c:/program files (x86)/atmel/studio/7.0/toolchain/arm/arm-gnu-toolchain/bin/../lib/gcc/arm-none-eabi/6.3.1/../../../../arm-none-eabi/lib/thumb/v7e-m\libc.a(lib_a-freer.o)
                0x0040599c                _free_r
 .text.__ascii_mbtowc
                0x00405b68       0x2c c:/program files (x86)/atmel/studio/7.0/toolchain/arm/arm-gnu-toolchain/bin/../lib/gcc/arm-none-eabi/6.3.1/../../../../arm-none-eabi/lib/thumb/v7e-m\libc.a(lib_a-mbtowc_r.o)
                0x00405b68                __ascii_mbtowc
 .text.memmove  0x00405b94       0xc8 c:/program files (x86)/atmel/studio/7.0/toolchain/arm/arm-gnu-toolchain/bin/../lib/gcc/arm-none-eabi/6.3.1/../../../../arm-none-eabi/lib/thumb/v7e-m\libc.a(lib_a-memmove.o)
                0x00405b94                memmove
 .text._realloc_r
                0x00405c5c      0x34c c:/program files (x86)/atmel/studio/7.0/toolchain/arm/arm-gnu-toolchain/bin/../lib/gcc/arm-none-eabi/6.3.1/../../../../arm-none-eabi/lib/thumb/v7e-m\libc.a(lib_a-reallocr.o)
                0x00405c5c                _realloc_r
 .text.__ascii_wctomb
                0x00405fa8       0x1c c:/program files (x86)/atmel/studio/7.0/toolchain/arm/arm-gnu-toolchain/bin/../lib/gcc/arm-none-eabi/6.3.1/../../../../arm-none-eabi/lib/thumb/v7e-m\libc.a(lib_a-wctomb_r.o)
                0x00405fa8                __ascii_wctomb
 .text          0x00405fc4      0x110 c:/program files (x86)/atmel/studio/7.0/toolchain/arm/arm-gnu-toolchain/bin/../lib/gcc/arm-none-eabi/6.3.1/thumb/v7e-m\libgcc.a(_arm_cmpdf2.o)
                0x00405fc4                __gtdf2
                0x00405fc4                __gedf2
                0x00405fcc                __ltdf2
                0x00405fcc                __ledf2
                0x00405fd4                __nedf2
                0x00405fd4                __eqdf2
                0x00405fd4                __cmpdf2
                0x00406050                __aeabi_cdrcmple
                0x00406060                __aeabi_cdcmpeq
                0x00406060                __aeabi_cdcmple
                0x00406070                __aeabi_dcmpeq
                0x00406084                __aeabi_dcmplt
                0x00406098                __aeabi_dcmple
                0x004060ac                __aeabi_dcmpge
                0x004060c0                __aeabi_dcmpgt
 .text          0x004060d4       0x2c c:/program files (x86)/atmel/studio/7.0/toolchain/arm/arm-gnu-toolchain/bin/../lib/gcc/arm-none-eabi/6.3.1/thumb/v7e-m\libgcc.a(_arm_unorddf2.o)
                0x004060d4                __unorddf2
                0x004060d4                __aeabi_dcmpun
 .text          0x00406100       0x50 c:/program files (x86)/atmel/studio/7.0/toolchain/arm/arm-gnu-toolchain/bin/../lib/gcc/arm-none-eabi/6.3.1/thumb/v7e-m\libgcc.a(_arm_fixdfsi.o)
                0x00406100                __aeabi_d2iz
                0x00406100                __fixdfsi
 .text          0x00406150       0x30 c:/program files (x86)/atmel/studio/7.0/toolchain/arm/arm-gnu-toolchain/bin/../lib/gcc/arm-none-eabi/6.3.1/thumb/v7e-m\libgcc.a(_aeabi_uldivmod.o)
                0x00406150                __aeabi_uldivmod
 .text          0x00406180      0x2dc c:/program files (x86)/atmel/studio/7.0/toolchain/arm/arm-gnu-toolchain/bin/../lib/gcc/arm-none-eabi/6.3.1/thumb/v7e-m\libgcc.a(_udivmoddi4.o)
                0x00406180                __udivmoddi4
 .text          0x0040645c        0x4 c:/program files (x86)/atmel/studio/7.0/toolchain/arm/arm-gnu-toolchain/bin/../lib/gcc/arm-none-eabi/6.3.1/thumb/v7e-m\libgcc.a(_dvmd_tls.o)
                0x0040645c                __aeabi_idiv0
                0x0040645c                __aeabi_ldiv0
 *(.glue_7t)
 .glue_7t       0x00406460        0x0 linker stubs
 *(.glue_7)
 .glue_7        0x00406460        0x0 linker stubs
 *(.rodata .rodata* .gnu.linkonce.r.*)
 .rodata.sysfont_glyphs
                0x00406460      0xa48 src/oled/sysfont.o
 .rodata.limpa_oled.str1.4
                0x00406ea8        0xe src/main.o
 *fill*         0x00406eb6        0x2 
 .rodata.main.str1.4
                0x00406eb8       0x18 src/main.o
 .rodata._global_impure_ptr
                0x00406ed0        0x4 c:/program files (x86)/atmel/studio/7.0/toolchain/arm/arm-gnu-toolchain/bin/../lib/gcc/arm-none-eabi/6.3.1/../../../../arm-none-eabi/lib/thumb/v7e-m\libc.a(lib_a-impure.o)
                0x00406ed0                _global_impure_ptr
 .rodata._svfprintf_r.str1.4
                0x00406ed4       0x42 c:/program files (x86)/atmel/studio/7.0/toolchain/arm/arm-gnu-toolchain/bin/../lib/gcc/arm-none-eabi/6.3.1/../../../../arm-none-eabi/lib/thumb/v7e-m\libc.a(lib_a-svfprintf.o)
 *fill*         0x00406f16        0x2 
 .rodata.blanks.7223
                0x00406f18       0x10 c:/program files (x86)/atmel/studio/7.0/toolchain/arm/arm-gnu-toolchain/bin/../lib/gcc/arm-none-eabi/6.3.1/../../../../arm-none-eabi/lib/thumb/v7e-m\libc.a(lib_a-svfprintf.o)
 .rodata.zeroes.7224
                0x00406f28       0x10 c:/program files (x86)/atmel/studio/7.0/toolchain/arm/arm-gnu-toolchain/bin/../lib/gcc/arm-none-eabi/6.3.1/../../../../arm-none-eabi/lib/thumb/v7e-m\libc.a(lib_a-svfprintf.o)
 .rodata._dtoa_r.str1.4
                0x00406f38       0x10 c:/program files (x86)/atmel/studio/7.0/toolchain/arm/arm-gnu-toolchain/bin/../lib/gcc/arm-none-eabi/6.3.1/../../../../arm-none-eabi/lib/thumb/v7e-m\libc.a(lib_a-dtoa.o)
                                 0x12 (size before relaxing)
 .rodata.__mprec_bigtens
                0x00406f48       0x28 c:/program files (x86)/atmel/studio/7.0/toolchain/arm/arm-gnu-toolchain/bin/../lib/gcc/arm-none-eabi/6.3.1/../../../../arm-none-eabi/lib/thumb/v7e-m\libc.a(lib_a-mprec.o)
                0x00406f48                __mprec_bigtens
 .rodata.__mprec_tens
                0x00406f70       0xc8 c:/program files (x86)/atmel/studio/7.0/toolchain/arm/arm-gnu-toolchain/bin/../lib/gcc/arm-none-eabi/6.3.1/../../../../arm-none-eabi/lib/thumb/v7e-m\libc.a(lib_a-mprec.o)
                0x00406f70                __mprec_tens
 .rodata.p05.6055
                0x00407038        0xc c:/program files (x86)/atmel/studio/7.0/toolchain/arm/arm-gnu-toolchain/bin/../lib/gcc/arm-none-eabi/6.3.1/../../../../arm-none-eabi/lib/thumb/v7e-m\libc.a(lib_a-mprec.o)
 .rodata._setlocale_r.str1.4
                0x00407044        0xa c:/program files (x86)/atmel/studio/7.0/toolchain/arm/arm-gnu-toolchain/bin/../lib/gcc/arm-none-eabi/6.3.1/../../../../arm-none-eabi/lib/thumb/v7e-m\libc.a(lib_a-locale.o)
                                  0xd (size before relaxing)
 *fill*         0x0040704e        0x2 
 .rodata.str1.4
                0x00407050        0x4 c:/program files (x86)/atmel/studio/7.0/toolchain/arm/arm-gnu-toolchain/bin/../lib/gcc/arm-none-eabi/6.3.1/../../../../arm-none-eabi/lib/thumb/v7e-m\libc.a(lib_a-locale.o)
                                  0x2 (size before relaxing)
 .rodata._ctype_
                0x00407054      0x101 c:/program files (x86)/atmel/studio/7.0/toolchain/arm/arm-gnu-toolchain/bin/../lib/gcc/arm-none-eabi/6.3.1/../../../../arm-none-eabi/lib/thumb/v7e-m\libc.a(lib_a-ctype_.o)
                0x00407054                _ctype_
 *(.ARM.extab* .gnu.linkonce.armextab.*)
                0x00407158                . = ALIGN (0x4)
 *fill*         0x00407155        0x3 
 *(.init)
 .init          0x00407158        0x4 c:/program files (x86)/atmel/studio/7.0/toolchain/arm/arm-gnu-toolchain/bin/../lib/gcc/arm-none-eabi/6.3.1/thumb/v7e-m/crti.o
                0x00407158                _init
 .init          0x0040715c        0x8 c:/program files (x86)/atmel/studio/7.0/toolchain/arm/arm-gnu-toolchain/bin/../lib/gcc/arm-none-eabi/6.3.1/thumb/v7e-m/crtn.o
                0x00407164                . = ALIGN (0x4)
                0x00407164                __preinit_array_start = .
 *(.preinit_array)
                0x00407164                __preinit_array_end = .
                0x00407164                . = ALIGN (0x4)
                0x00407164                __init_array_start = .
 *(SORT(.init_array.*))
 .init_array.00000
                0x00407164        0x4 c:/program files (x86)/atmel/studio/7.0/toolchain/arm/arm-gnu-toolchain/bin/../lib/gcc/arm-none-eabi/6.3.1/../../../../arm-none-eabi/lib/thumb/v7e-m\libc.a(lib_a-__call_atexit.o)
 *(.init_array)
 .init_array    0x00407168        0x4 c:/program files (x86)/atmel/studio/7.0/toolchain/arm/arm-gnu-toolchain/bin/../lib/gcc/arm-none-eabi/6.3.1/thumb/v7e-m/crtbegin.o
                0x0040716c                __init_array_end = .
                0x0040716c                . = ALIGN (0x4)
 *crtbegin.o(.ctors)
 *(EXCLUDE_FILE(*crtend.o) .ctors)
 *(SORT(.ctors.*))
 *crtend.o(.ctors)
                0x0040716c                . = ALIGN (0x4)
 *(.fini)
 .fini          0x0040716c        0x4 c:/program files (x86)/atmel/studio/7.0/toolchain/arm/arm-gnu-toolchain/bin/../lib/gcc/arm-none-eabi/6.3.1/thumb/v7e-m/crti.o
                0x0040716c                _fini
 .fini          0x00407170        0x8 c:/program files (x86)/atmel/studio/7.0/toolchain/arm/arm-gnu-toolchain/bin/../lib/gcc/arm-none-eabi/6.3.1/thumb/v7e-m/crtn.o
                0x00407178                . = ALIGN (0x4)
                0x00407178                __fini_array_start = .
 *(.fini_array)
 .fini_array    0x00407178        0x4 c:/program files (x86)/atmel/studio/7.0/toolchain/arm/arm-gnu-toolchain/bin/../lib/gcc/arm-none-eabi/6.3.1/thumb/v7e-m/crtbegin.o
 *(SORT(.fini_array.*))
                0x0040717c                __fini_array_end = .
 *crtbegin.o(.dtors)
 *(EXCLUDE_FILE(*crtend.o) .dtors)
 *(SORT(.dtors.*))
 *crtend.o(.dtors)
                0x0040717c                . = ALIGN (0x4)
                0x0040717c                _efixed = .
                [!provide]                PROVIDE (__exidx_start, .)

.vfp11_veneer   0x0040717c        0x0
 .vfp11_veneer  0x0040717c        0x0 linker stubs

.v4_bx          0x0040717c        0x0
 .v4_bx         0x0040717c        0x0 linker stubs

.iplt           0x0040717c        0x0
 .iplt          0x0040717c        0x0 c:/program files (x86)/atmel/studio/7.0/toolchain/arm/arm-gnu-toolchain/bin/../lib/gcc/arm-none-eabi/6.3.1/thumb/v7e-m/crtbegin.o

.ARM.exidx      0x0040717c        0x8
 *(.ARM.exidx* .gnu.linkonce.armexidx.*)
 .ARM.exidx     0x0040717c        0x8 c:/program files (x86)/atmel/studio/7.0/toolchain/arm/arm-gnu-toolchain/bin/../lib/gcc/arm-none-eabi/6.3.1/thumb/v7e-m\libgcc.a(_udivmoddi4.o)
                [!provide]                PROVIDE (__exidx_end, .)

.eh_frame       0x00407184        0x0
 .eh_frame      0x00407184        0x0 c:/program files (x86)/atmel/studio/7.0/toolchain/arm/arm-gnu-toolchain/bin/../lib/gcc/arm-none-eabi/6.3.1/thumb/v7e-m/crtbegin.o

.rel.dyn        0x00407184        0x0
 .rel.iplt      0x00407184        0x0 c:/program files (x86)/atmel/studio/7.0/toolchain/arm/arm-gnu-toolchain/bin/../lib/gcc/arm-none-eabi/6.3.1/thumb/v7e-m/crtbegin.o

.jcr            0x00407184        0x0
 .jcr           0x00407184        0x0 c:/program files (x86)/atmel/studio/7.0/toolchain/arm/arm-gnu-toolchain/bin/../lib/gcc/arm-none-eabi/6.3.1/thumb/v7e-m/crtbegin.o

.igot.plt       0x00407184        0x0
 .igot.plt      0x00407184        0x0 c:/program files (x86)/atmel/studio/7.0/toolchain/arm/arm-gnu-toolchain/bin/../lib/gcc/arm-none-eabi/6.3.1/thumb/v7e-m/crtbegin.o
                0x00407184                . = ALIGN (0x4)
                0x00407184                _etext = .

.relocate       0x20400000      0x9d0 load address 0x00407184
                0x20400000                . = ALIGN (0x4)
                0x20400000                _srelocate = .
 *(.ramfunc .ramfunc.*)
 .ramfunc       0x20400000        0xa src/ASF/common/services/delay/sam/cycle_counter.o
                0x20400000                portable_delay_cycles
 *(.data .data.*)
 *fill*         0x2040000a        0x2 
 .data.sysfont  0x2040000c        0xc src/oled/sysfont.o
                0x2040000c                sysfont
 .data.g_interrupt_enabled
                0x20400018        0x1 src/ASF/common/utils/interrupt/interrupt_sam_nvic.o
                0x20400018                g_interrupt_enabled
 *fill*         0x20400019        0x3 
 .data.SystemCoreClock
                0x2040001c        0x4 src/ASF/sam/utils/cmsis/same70/source/templates/system_same70.o
                0x2040001c                SystemCoreClock
 .data.frequencia_RTT
                0x20400020        0x4 src/main.o
                0x20400020                frequencia_RTT
 .data._impure_ptr
                0x20400024        0x4 c:/program files (x86)/atmel/studio/7.0/toolchain/arm/arm-gnu-toolchain/bin/../lib/gcc/arm-none-eabi/6.3.1/../../../../arm-none-eabi/lib/thumb/v7e-m\libc.a(lib_a-impure.o)
                0x20400024                _impure_ptr
 .data.impure_data
                0x20400028      0x428 c:/program files (x86)/atmel/studio/7.0/toolchain/arm/arm-gnu-toolchain/bin/../lib/gcc/arm-none-eabi/6.3.1/../../../../arm-none-eabi/lib/thumb/v7e-m\libc.a(lib_a-impure.o)
 .data.__atexit_recursive_mutex
                0x20400450        0x4 c:/program files (x86)/atmel/studio/7.0/toolchain/arm/arm-gnu-toolchain/bin/../lib/gcc/arm-none-eabi/6.3.1/../../../../arm-none-eabi/lib/thumb/v7e-m\libc.a(lib_a-__call_atexit.o)
                0x20400450                __atexit_recursive_mutex
 .data.__malloc_av_
                0x20400454      0x408 c:/program files (x86)/atmel/studio/7.0/toolchain/arm/arm-gnu-toolchain/bin/../lib/gcc/arm-none-eabi/6.3.1/../../../../arm-none-eabi/lib/thumb/v7e-m\libc.a(lib_a-mallocr.o)
                0x20400454                __malloc_av_
 .data.__malloc_sbrk_base
                0x2040085c        0x4 c:/program files (x86)/atmel/studio/7.0/toolchain/arm/arm-gnu-toolchain/bin/../lib/gcc/arm-none-eabi/6.3.1/../../../../arm-none-eabi/lib/thumb/v7e-m\libc.a(lib_a-mallocr.o)
                0x2040085c                __malloc_sbrk_base
 .data.__malloc_trim_threshold
                0x20400860        0x4 c:/program files (x86)/atmel/studio/7.0/toolchain/arm/arm-gnu-toolchain/bin/../lib/gcc/arm-none-eabi/6.3.1/../../../../arm-none-eabi/lib/thumb/v7e-m\libc.a(lib_a-mallocr.o)
                0x20400860                __malloc_trim_threshold
 .data.__global_locale
                0x20400864      0x16c c:/program files (x86)/atmel/studio/7.0/toolchain/arm/arm-gnu-toolchain/bin/../lib/gcc/arm-none-eabi/6.3.1/../../../../arm-none-eabi/lib/thumb/v7e-m\libc.a(lib_a-locale.o)
                0x20400864                __global_locale
                0x204009d0                . = ALIGN (0x4)
                0x204009d0                _erelocate = .

.bss            0x204009d0      0x30c load address 0x00407b54
                0x204009d0                . = ALIGN (0x4)
                0x204009d0                _sbss = .
                0x204009d0                _szero = .
 *(.bss .bss.*)
 .bss           0x204009d0       0x1c c:/program files (x86)/atmel/studio/7.0/toolchain/arm/arm-gnu-toolchain/bin/../lib/gcc/arm-none-eabi/6.3.1/thumb/v7e-m/crtbegin.o
 .bss.g_wobits_in_rtt_mr
                0x204009ec        0x4 src/ASF/sam/drivers/rtt/rtt.o
 .bss.fbpointer
                0x204009f0        0x4 src/oled/gfx_mono_framebuffer.o
 .bss.framebuffer
                0x204009f4      0x200 src/oled/gfx_mono_ug_2832hsweg04.o
 .bss.gs_interrupt_sources
                0x20400bf4       0x70 src/ASF/sam/drivers/pio/pio_handler.o
 .bss.gs_ul_nb_sources
                0x20400c64        0x4 src/ASF/sam/drivers/pio/pio_handler.o
 .bss.b_is_sleep_clock_used
                0x20400c68        0x1 src/ASF/sam/drivers/pmc/sleep.o
 *fill*         0x20400c69        0x3 
 .bss.callback_clocks_restored
                0x20400c6c        0x4 src/ASF/sam/drivers/pmc/sleep.o
 .bss.heap.6420
                0x20400c70        0x4 src/ASF/sam/utils/syscalls/gcc/syscalls.o
 .bss.but_flag  0x20400c74        0x1 src/main.o
                0x20400c74                but_flag
 *fill*         0x20400c75        0x3 
 .bss.rtt_time  0x20400c78        0x4 src/main.o
                0x20400c78                rtt_time
 .bss.__malloc_current_mallinfo
                0x20400c7c       0x28 c:/program files (x86)/atmel/studio/7.0/toolchain/arm/arm-gnu-toolchain/bin/../lib/gcc/arm-none-eabi/6.3.1/../../../../arm-none-eabi/lib/thumb/v7e-m\libc.a(lib_a-mallocr.o)
                0x20400c7c                __malloc_current_mallinfo
 .bss.__malloc_max_sbrked_mem
                0x20400ca4        0x4 c:/program files (x86)/atmel/studio/7.0/toolchain/arm/arm-gnu-toolchain/bin/../lib/gcc/arm-none-eabi/6.3.1/../../../../arm-none-eabi/lib/thumb/v7e-m\libc.a(lib_a-mallocr.o)
                0x20400ca4                __malloc_max_sbrked_mem
 .bss.__malloc_max_total_mem
                0x20400ca8        0x4 c:/program files (x86)/atmel/studio/7.0/toolchain/arm/arm-gnu-toolchain/bin/../lib/gcc/arm-none-eabi/6.3.1/../../../../arm-none-eabi/lib/thumb/v7e-m\libc.a(lib_a-mallocr.o)
                0x20400ca8                __malloc_max_total_mem
 .bss.__malloc_top_pad
                0x20400cac        0x4 c:/program files (x86)/atmel/studio/7.0/toolchain/arm/arm-gnu-toolchain/bin/../lib/gcc/arm-none-eabi/6.3.1/../../../../arm-none-eabi/lib/thumb/v7e-m\libc.a(lib_a-mallocr.o)
                0x20400cac                __malloc_top_pad
 *(COMMON)
 COMMON         0x20400cb0        0x2 src/main.o
                0x20400cb0                echo_flag
                0x20400cb1                rtt_start
 *fill*         0x20400cb2        0x2 
 COMMON         0x20400cb4       0x21 c:/program files (x86)/atmel/studio/7.0/toolchain/arm/arm-gnu-toolchain/bin/../lib/gcc/arm-none-eabi/6.3.1/../../../../arm-none-eabi/lib/thumb/v7e-m\libc.a(lib_a-lock.o)
                0x20400cb4                __lock___atexit_recursive_mutex
                0x20400cb8                __lock___arc4random_mutex
                0x20400cbc                __lock___env_recursive_mutex
                0x20400cc0                __lock___sinit_recursive_mutex
                0x20400cc4                __lock___malloc_recursive_mutex
                0x20400cc8                __lock___at_quick_exit_mutex
                0x20400ccc                __lock___dd_hash_mutex
                0x20400cd0                __lock___tz_mutex
                0x20400cd4                __lock___sfp_recursive_mutex
 *fill*         0x20400cd5        0x3 
 COMMON         0x20400cd8        0x4 c:/program files (x86)/atmel/studio/7.0/toolchain/arm/arm-gnu-toolchain/bin/../lib/gcc/arm-none-eabi/6.3.1/../../../../arm-none-eabi/lib/thumb/v7e-m\libc.a(lib_a-reent.o)
                0x20400cd8                errno
                0x20400cdc                . = ALIGN (0x4)
                0x20400cdc                _ebss = .
                0x20400cdc                _ezero = .

.stack          0x20400cdc     0x2004 load address 0x00407e60
                0x20400ce0                . = ALIGN (0x8)
 *fill*         0x20400cdc        0x4 
                0x20400ce0                _sstack = .
                0x20402ce0                . = (. + STACK_SIZE)
 *fill*         0x20400ce0     0x2000 
                0x20402ce0                . = ALIGN (0x8)
                0x20402ce0                _estack = .

.heap           0x20402ce0      0x200 load address 0x00409e64
                0x20402ce0                . = ALIGN (0x8)
                0x20402ce0                _sheap = .
                0x20402ee0                . = (. + HEAP_SIZE)
 *fill*         0x20402ce0      0x200 
                0x20402ee0                . = ALIGN (0x8)
                0x20402ee0                _eheap = .
                0x20402ee0                . = ALIGN (0x4)
                0x20402ee0                _end = .
                0x2045ffff                _ram_end_ = ((ORIGIN (ram) + LENGTH (ram)) - 0x1)
OUTPUT(OLED1.elf elf32-littlearm)

.ARM.attributes
                0x00000000       0x2e
 .ARM.attributes
                0x00000000       0x1e c:/program files (x86)/atmel/studio/7.0/toolchain/arm/arm-gnu-toolchain/bin/../lib/gcc/arm-none-eabi/6.3.1/thumb/v7e-m/crti.o
 .ARM.attributes
                0x0000001e       0x2e c:/program files (x86)/atmel/studio/7.0/toolchain/arm/arm-gnu-toolchain/bin/../lib/gcc/arm-none-eabi/6.3.1/thumb/v7e-m/crtbegin.o
 .ARM.attributes
                0x0000004c       0x37 src/ASF/sam/drivers/rtt/rtt.o
 .ARM.attributes
                0x00000083       0x37 src/ASF/sam/drivers/spi/spi.o
 .ARM.attributes
                0x000000ba       0x37 src/utils.o
 .ARM.attributes
                0x000000f1       0x37 src/oled/gfx_mono_framebuffer.o
 .ARM.attributes
                0x00000128       0x37 src/oled/gfx_mono_generic.o
 .ARM.attributes
                0x0000015f       0x37 src/oled/gfx_mono_text.o
 .ARM.attributes
                0x00000196       0x37 src/oled/gfx_mono_ug_2832hsweg04.o
 .ARM.attributes
                0x000001cd       0x37 src/oled/ssd1306.o
 .ARM.attributes
                0x00000204       0x37 src/oled/sysfont.o
 .ARM.attributes
                0x0000023b       0x37 src/ASF/common/services/delay/sam/cycle_counter.o
 .ARM.attributes
                0x00000272       0x37 src/ASF/common/services/clock/same70/sysclk.o
 .ARM.attributes
                0x000002a9       0x37 src/ASF/common/utils/interrupt/interrupt_sam_nvic.o
 .ARM.attributes
                0x000002e0       0x37 src/ASF/sam/boards/same70_xplained/init.o
 .ARM.attributes
                0x00000317       0x37 src/ASF/sam/drivers/pio/pio.o
 .ARM.attributes
                0x0000034e       0x37 src/ASF/sam/drivers/pio/pio_handler.o
 .ARM.attributes
                0x00000385       0x37 src/ASF/sam/drivers/pmc/pmc.o
 .ARM.attributes
                0x000003bc       0x37 src/ASF/sam/drivers/pmc/sleep.o
 .ARM.attributes
                0x000003f3       0x37 src/ASF/sam/utils/cmsis/same70/source/templates/gcc/startup_same70.o
 .ARM.attributes
                0x0000042a       0x37 src/ASF/sam/utils/cmsis/same70/source/templates/system_same70.o
 .ARM.attributes
                0x00000461       0x37 src/ASF/sam/utils/syscalls/gcc/syscalls.o
 .ARM.attributes
                0x00000498       0x37 src/main.o
 .ARM.attributes
                0x000004cf       0x1e c:/program files (x86)/atmel/studio/7.0/toolchain/arm/arm-gnu-toolchain/bin/../lib/gcc/arm-none-eabi/6.3.1/thumb/v7e-m\libgcc.a(_arm_addsubdf3.o)
 .ARM.attributes
                0x000004ed       0x1e c:/program files (x86)/atmel/studio/7.0/toolchain/arm/arm-gnu-toolchain/bin/../lib/gcc/arm-none-eabi/6.3.1/thumb/v7e-m\libgcc.a(_arm_muldivdf3.o)
 .ARM.attributes
                0x0000050b       0x1e c:/program files (x86)/atmel/studio/7.0/toolchain/arm/arm-gnu-toolchain/bin/../lib/gcc/arm-none-eabi/6.3.1/thumb/v7e-m\libgcc.a(_arm_truncdfsf2.o)
 .ARM.attributes
                0x00000529       0x2e c:/program files (x86)/atmel/studio/7.0/toolchain/arm/arm-gnu-toolchain/bin/../lib/gcc/arm-none-eabi/6.3.1/../../../../arm-none-eabi/lib/thumb/v7e-m\libc.a(lib_a-impure.o)
 .ARM.attributes
                0x00000557       0x2e c:/program files (x86)/atmel/studio/7.0/toolchain/arm/arm-gnu-toolchain/bin/../lib/gcc/arm-none-eabi/6.3.1/../../../../arm-none-eabi/lib/thumb/v7e-m\libc.a(lib_a-init.o)
 .ARM.attributes
                0x00000585       0x2e c:/program files (x86)/atmel/studio/7.0/toolchain/arm/arm-gnu-toolchain/bin/../lib/gcc/arm-none-eabi/6.3.1/../../../../arm-none-eabi/lib/thumb/v7e-m\libc.a(lib_a-memset.o)
 .ARM.attributes
                0x000005b3       0x2e c:/program files (x86)/atmel/studio/7.0/toolchain/arm/arm-gnu-toolchain/bin/../lib/gcc/arm-none-eabi/6.3.1/../../../../arm-none-eabi/lib/thumb/v7e-m\libc.a(lib_a-sprintf.o)
 .ARM.attributes
                0x000005e1       0x2e c:/program files (x86)/atmel/studio/7.0/toolchain/arm/arm-gnu-toolchain/bin/../lib/gcc/arm-none-eabi/6.3.1/../../../../arm-none-eabi/lib/thumb/v7e-m\libc.a(lib_a-svfprintf.o)
 .ARM.attributes
                0x0000060f       0x2e c:/program files (x86)/atmel/studio/7.0/toolchain/arm/arm-gnu-toolchain/bin/../lib/gcc/arm-none-eabi/6.3.1/../../../../arm-none-eabi/lib/thumb/v7e-m\libc.a(lib_a-__call_atexit.o)
 .ARM.attributes
                0x0000063d       0x2e c:/program files (x86)/atmel/studio/7.0/toolchain/arm/arm-gnu-toolchain/bin/../lib/gcc/arm-none-eabi/6.3.1/../../../../arm-none-eabi/lib/thumb/v7e-m\libc.a(lib_a-atexit.o)
 .ARM.attributes
                0x0000066b       0x2e c:/program files (x86)/atmel/studio/7.0/toolchain/arm/arm-gnu-toolchain/bin/../lib/gcc/arm-none-eabi/6.3.1/../../../../arm-none-eabi/lib/thumb/v7e-m\libc.a(lib_a-dtoa.o)
 .ARM.attributes
                0x00000699       0x2e c:/program files (x86)/atmel/studio/7.0/toolchain/arm/arm-gnu-toolchain/bin/../lib/gcc/arm-none-eabi/6.3.1/../../../../arm-none-eabi/lib/thumb/v7e-m\libc.a(lib_a-fini.o)
 .ARM.attributes
                0x000006c7       0x2e c:/program files (x86)/atmel/studio/7.0/toolchain/arm/arm-gnu-toolchain/bin/../lib/gcc/arm-none-eabi/6.3.1/../../../../arm-none-eabi/lib/thumb/v7e-m\libc.a(lib_a-localeconv.o)
 .ARM.attributes
                0x000006f5       0x2e c:/program files (x86)/atmel/studio/7.0/toolchain/arm/arm-gnu-toolchain/bin/../lib/gcc/arm-none-eabi/6.3.1/../../../../arm-none-eabi/lib/thumb/v7e-m\libc.a(lib_a-lock.o)
 .ARM.attributes
                0x00000723       0x2e c:/program files (x86)/atmel/studio/7.0/toolchain/arm/arm-gnu-toolchain/bin/../lib/gcc/arm-none-eabi/6.3.1/../../../../arm-none-eabi/lib/thumb/v7e-m\libc.a(lib_a-mallocr.o)
 .ARM.attributes
                0x00000751       0x1c c:/program files (x86)/atmel/studio/7.0/toolchain/arm/arm-gnu-toolchain/bin/../lib/gcc/arm-none-eabi/6.3.1/../../../../arm-none-eabi/lib/thumb/v7e-m\libc.a(lib_a-memchr.o)
 .ARM.attributes
                0x0000076d       0x1c c:/program files (x86)/atmel/studio/7.0/toolchain/arm/arm-gnu-toolchain/bin/../lib/gcc/arm-none-eabi/6.3.1/../../../../arm-none-eabi/lib/thumb/v7e-m\libc.a(lib_a-memcpy.o)
 .ARM.attributes
                0x00000789       0x2e c:/program files (x86)/atmel/studio/7.0/toolchain/arm/arm-gnu-toolchain/bin/../lib/gcc/arm-none-eabi/6.3.1/../../../../arm-none-eabi/lib/thumb/v7e-m\libc.a(lib_a-mlock.o)
 .ARM.attributes
                0x000007b7       0x2e c:/program files (x86)/atmel/studio/7.0/toolchain/arm/arm-gnu-toolchain/bin/../lib/gcc/arm-none-eabi/6.3.1/../../../../arm-none-eabi/lib/thumb/v7e-m\libc.a(lib_a-mprec.o)
 .ARM.attributes
                0x000007e5       0x2e c:/program files (x86)/atmel/studio/7.0/toolchain/arm/arm-gnu-toolchain/bin/../lib/gcc/arm-none-eabi/6.3.1/../../../../arm-none-eabi/lib/thumb/v7e-m\libc.a(lib_a-sbrkr.o)
 .ARM.attributes
                0x00000813       0x1c c:/program files (x86)/atmel/studio/7.0/toolchain/arm/arm-gnu-toolchain/bin/../lib/gcc/arm-none-eabi/6.3.1/../../../../arm-none-eabi/lib/thumb/v7e-m\libc.a(lib_a-strlen.o)
 .ARM.attributes
                0x0000082f       0x2e c:/program files (x86)/atmel/studio/7.0/toolchain/arm/arm-gnu-toolchain/bin/../lib/gcc/arm-none-eabi/6.3.1/../../../../arm-none-eabi/lib/thumb/v7e-m\libc.a(lib_a-svfiprintf.o)
 .ARM.attributes
                0x0000085d       0x2e c:/program files (x86)/atmel/studio/7.0/toolchain/arm/arm-gnu-toolchain/bin/../lib/gcc/arm-none-eabi/6.3.1/../../../../arm-none-eabi/lib/thumb/v7e-m\libc.a(lib_a-__atexit.o)
 .ARM.attributes
                0x0000088b       0x2e c:/program files (x86)/atmel/studio/7.0/toolchain/arm/arm-gnu-toolchain/bin/../lib/gcc/arm-none-eabi/6.3.1/../../../../arm-none-eabi/lib/thumb/v7e-m\libc.a(lib_a-callocr.o)
 .ARM.attributes
                0x000008b9       0x2e c:/program files (x86)/atmel/studio/7.0/toolchain/arm/arm-gnu-toolchain/bin/../lib/gcc/arm-none-eabi/6.3.1/../../../../arm-none-eabi/lib/thumb/v7e-m\libc.a(lib_a-freer.o)
 .ARM.attributes
                0x000008e7       0x2e c:/program files (x86)/atmel/studio/7.0/toolchain/arm/arm-gnu-toolchain/bin/../lib/gcc/arm-none-eabi/6.3.1/../../../../arm-none-eabi/lib/thumb/v7e-m\libc.a(lib_a-locale.o)
 .ARM.attributes
                0x00000915       0x2e c:/program files (x86)/atmel/studio/7.0/toolchain/arm/arm-gnu-toolchain/bin/../lib/gcc/arm-none-eabi/6.3.1/../../../../arm-none-eabi/lib/thumb/v7e-m\libc.a(lib_a-mbtowc_r.o)
 .ARM.attributes
                0x00000943       0x2e c:/program files (x86)/atmel/studio/7.0/toolchain/arm/arm-gnu-toolchain/bin/../lib/gcc/arm-none-eabi/6.3.1/../../../../arm-none-eabi/lib/thumb/v7e-m\libc.a(lib_a-memmove.o)
 .ARM.attributes
                0x00000971       0x2e c:/program files (x86)/atmel/studio/7.0/toolchain/arm/arm-gnu-toolchain/bin/../lib/gcc/arm-none-eabi/6.3.1/../../../../arm-none-eabi/lib/thumb/v7e-m\libc.a(lib_a-reallocr.o)
 .ARM.attributes
                0x0000099f       0x2e c:/program files (x86)/atmel/studio/7.0/toolchain/arm/arm-gnu-toolchain/bin/../lib/gcc/arm-none-eabi/6.3.1/../../../../arm-none-eabi/lib/thumb/v7e-m\libc.a(lib_a-reent.o)
 .ARM.attributes
                0x000009cd       0x2e c:/program files (x86)/atmel/studio/7.0/toolchain/arm/arm-gnu-toolchain/bin/../lib/gcc/arm-none-eabi/6.3.1/../../../../arm-none-eabi/lib/thumb/v7e-m\libc.a(lib_a-wctomb_r.o)
 .ARM.attributes
                0x000009fb       0x2e c:/program files (x86)/atmel/studio/7.0/toolchain/arm/arm-gnu-toolchain/bin/../lib/gcc/arm-none-eabi/6.3.1/../../../../arm-none-eabi/lib/thumb/v7e-m\libc.a(lib_a-ctype_.o)
 .ARM.attributes
                0x00000a29       0x1e c:/program files (x86)/atmel/studio/7.0/toolchain/arm/arm-gnu-toolchain/bin/../lib/gcc/arm-none-eabi/6.3.1/thumb/v7e-m\libgcc.a(_arm_cmpdf2.o)
 .ARM.attributes
                0x00000a47       0x1e c:/program files (x86)/atmel/studio/7.0/toolchain/arm/arm-gnu-toolchain/bin/../lib/gcc/arm-none-eabi/6.3.1/thumb/v7e-m\libgcc.a(_arm_unorddf2.o)
 .ARM.attributes
                0x00000a65       0x1e c:/program files (x86)/atmel/studio/7.0/toolchain/arm/arm-gnu-toolchain/bin/../lib/gcc/arm-none-eabi/6.3.1/thumb/v7e-m\libgcc.a(_arm_fixdfsi.o)
 .ARM.attributes
                0x00000a83       0x1e c:/program files (x86)/atmel/studio/7.0/toolchain/arm/arm-gnu-toolchain/bin/../lib/gcc/arm-none-eabi/6.3.1/thumb/v7e-m\libgcc.a(_aeabi_uldivmod.o)
 .ARM.attributes
                0x00000aa1       0x2e c:/program files (x86)/atmel/studio/7.0/toolchain/arm/arm-gnu-toolchain/bin/../lib/gcc/arm-none-eabi/6.3.1/thumb/v7e-m\libgcc.a(_udivmoddi4.o)
 .ARM.attributes
                0x00000acf       0x1e c:/program files (x86)/atmel/studio/7.0/toolchain/arm/arm-gnu-toolchain/bin/../lib/gcc/arm-none-eabi/6.3.1/thumb/v7e-m\libgcc.a(_dvmd_tls.o)
 .ARM.attributes
                0x00000aed       0x1e c:/program files (x86)/atmel/studio/7.0/toolchain/arm/arm-gnu-toolchain/bin/../lib/gcc/arm-none-eabi/6.3.1/thumb/v7e-m/crtn.o

.comment        0x00000000       0x59
 .comment       0x00000000       0x59 src/ASF/sam/drivers/rtt/rtt.o
                                 0x5a (size before relaxing)
 .comment       0x00000059       0x5a src/ASF/sam/drivers/spi/spi.o
 .comment       0x00000059       0x5a src/utils.o
 .comment       0x00000059       0x5a src/oled/gfx_mono_framebuffer.o
 .comment       0x00000059       0x5a src/oled/gfx_mono_generic.o
 .comment       0x00000059       0x5a src/oled/gfx_mono_text.o
 .comment       0x00000059       0x5a src/oled/gfx_mono_ug_2832hsweg04.o
 .comment       0x00000059       0x5a src/oled/ssd1306.o
 .comment       0x00000059       0x5a src/oled/sysfont.o
 .comment       0x00000059       0x5a src/ASF/common/services/delay/sam/cycle_counter.o
 .comment       0x00000059       0x5a src/ASF/common/services/clock/same70/sysclk.o
 .comment       0x00000059       0x5a src/ASF/common/utils/interrupt/interrupt_sam_nvic.o
 .comment       0x00000059       0x5a src/ASF/sam/boards/same70_xplained/init.o
 .comment       0x00000059       0x5a src/ASF/sam/drivers/pio/pio.o
 .comment       0x00000059       0x5a src/ASF/sam/drivers/pio/pio_handler.o
 .comment       0x00000059       0x5a src/ASF/sam/drivers/pmc/pmc.o
 .comment       0x00000059       0x5a src/ASF/sam/drivers/pmc/sleep.o
 .comment       0x00000059       0x5a src/ASF/sam/utils/cmsis/same70/source/templates/gcc/startup_same70.o
 .comment       0x00000059       0x5a src/ASF/sam/utils/cmsis/same70/source/templates/system_same70.o
 .comment       0x00000059       0x5a src/ASF/sam/utils/syscalls/gcc/syscalls.o
 .comment       0x00000059       0x5a src/main.o

.debug_info     0x00000000    0x1a317
 .debug_info    0x00000000      0xcd1 src/ASF/sam/drivers/rtt/rtt.o
 .debug_info    0x00000cd1     0x115d src/ASF/sam/drivers/spi/spi.o
 .debug_info    0x00001e2e     0x224f src/utils.o
 .debug_info    0x0000407d      0xdd2 src/oled/gfx_mono_framebuffer.o
 .debug_info    0x00004e4f     0x157d src/oled/gfx_mono_generic.o
 .debug_info    0x000063cc      0xf6a src/oled/gfx_mono_text.o
 .debug_info    0x00007336     0x11a0 src/oled/gfx_mono_ug_2832hsweg04.o
 .debug_info    0x000084d6     0x1fae src/oled/ssd1306.o
 .debug_info    0x0000a484      0xb06 src/oled/sysfont.o
 .debug_info    0x0000af8a      0xa45 src/ASF/common/services/delay/sam/cycle_counter.o
 .debug_info    0x0000b9cf     0x1267 src/ASF/common/services/clock/same70/sysclk.o
 .debug_info    0x0000cc36      0xb01 src/ASF/common/utils/interrupt/interrupt_sam_nvic.o
 .debug_info    0x0000d737     0x1bd7 src/ASF/sam/boards/same70_xplained/init.o
 .debug_info    0x0000f30e     0x2150 src/ASF/sam/drivers/pio/pio.o
 .debug_info    0x0001145e     0x1b22 src/ASF/sam/drivers/pio/pio_handler.o
 .debug_info    0x00012f80     0x1e0e src/ASF/sam/drivers/pmc/pmc.o
 .debug_info    0x00014d8e     0x165a src/ASF/sam/drivers/pmc/sleep.o
 .debug_info    0x000163e8     0x156a src/ASF/sam/utils/cmsis/same70/source/templates/gcc/startup_same70.o
 .debug_info    0x00017952      0x55b src/ASF/sam/utils/cmsis/same70/source/templates/system_same70.o
 .debug_info    0x00017ead      0xdb0 src/ASF/sam/utils/syscalls/gcc/syscalls.o
 .debug_info    0x00018c5d     0x16ba src/main.o

.debug_abbrev   0x00000000     0x3bc0
 .debug_abbrev  0x00000000      0x256 src/ASF/sam/drivers/rtt/rtt.o
 .debug_abbrev  0x00000256      0x3a5 src/ASF/sam/drivers/spi/spi.o
 .debug_abbrev  0x000005fb      0x348 src/utils.o
 .debug_abbrev  0x00000943      0x284 src/oled/gfx_mono_framebuffer.o
 .debug_abbrev  0x00000bc7      0x2a2 src/oled/gfx_mono_generic.o
 .debug_abbrev  0x00000e69      0x30a src/oled/gfx_mono_text.o
 .debug_abbrev  0x00001173      0x34b src/oled/gfx_mono_ug_2832hsweg04.o
 .debug_abbrev  0x000014be      0x35e src/oled/ssd1306.o
 .debug_abbrev  0x0000181c      0x1b6 src/oled/sysfont.o
 .debug_abbrev  0x000019d2      0x1b3 src/ASF/common/services/delay/sam/cycle_counter.o
 .debug_abbrev  0x00001b85      0x31f src/ASF/common/services/clock/same70/sysclk.o
 .debug_abbrev  0x00001ea4      0x212 src/ASF/common/utils/interrupt/interrupt_sam_nvic.o
 .debug_abbrev  0x000020b6      0x368 src/ASF/sam/boards/same70_xplained/init.o
 .debug_abbrev  0x0000241e      0x410 src/ASF/sam/drivers/pio/pio.o
 .debug_abbrev  0x0000282e      0x32f src/ASF/sam/drivers/pio/pio_handler.o
 .debug_abbrev  0x00002b5d      0x369 src/ASF/sam/drivers/pmc/pmc.o
 .debug_abbrev  0x00002ec6      0x32b src/ASF/sam/drivers/pmc/sleep.o
 .debug_abbrev  0x000031f1      0x2e4 src/ASF/sam/utils/cmsis/same70/source/templates/gcc/startup_same70.o
 .debug_abbrev  0x000034d5      0x102 src/ASF/sam/utils/cmsis/same70/source/templates/system_same70.o
 .debug_abbrev  0x000035d7      0x264 src/ASF/sam/utils/syscalls/gcc/syscalls.o
 .debug_abbrev  0x0000383b      0x385 src/main.o

.debug_loc      0x00000000     0x5cf0
 .debug_loc     0x00000000      0x1c7 src/ASF/sam/drivers/rtt/rtt.o
 .debug_loc     0x000001c7      0x610 src/ASF/sam/drivers/spi/spi.o
 .debug_loc     0x000007d7      0x64a src/utils.o
 .debug_loc     0x00000e21      0x506 src/oled/gfx_mono_framebuffer.o
 .debug_loc     0x00001327      0xda8 src/oled/gfx_mono_generic.o
 .debug_loc     0x000020cf      0x66a src/oled/gfx_mono_text.o
 .debug_loc     0x00002739      0x6ee src/oled/gfx_mono_ug_2832hsweg04.o
 .debug_loc     0x00002e27      0x365 src/oled/ssd1306.o
 .debug_loc     0x0000318c      0x183 src/ASF/common/services/clock/same70/sysclk.o
 .debug_loc     0x0000330f      0x1e7 src/ASF/sam/boards/same70_xplained/init.o
 .debug_loc     0x000034f6      0xea4 src/ASF/sam/drivers/pio/pio.o
 .debug_loc     0x0000439a      0x588 src/ASF/sam/drivers/pio/pio_handler.o
 .debug_loc     0x00004922      0xce3 src/ASF/sam/drivers/pmc/pmc.o
 .debug_loc     0x00005605      0x389 src/ASF/sam/drivers/pmc/sleep.o
 .debug_loc     0x0000598e       0x77 src/ASF/sam/utils/cmsis/same70/source/templates/gcc/startup_same70.o
 .debug_loc     0x00005a05       0xfd src/ASF/sam/utils/syscalls/gcc/syscalls.o
 .debug_loc     0x00005b02      0x1ee src/main.o

.debug_aranges  0x00000000      0x908
 .debug_aranges
                0x00000000       0x60 src/ASF/sam/drivers/rtt/rtt.o
 .debug_aranges
                0x00000060       0x90 src/ASF/sam/drivers/spi/spi.o
 .debug_aranges
                0x000000f0       0x40 src/utils.o
 .debug_aranges
                0x00000130       0x58 src/oled/gfx_mono_framebuffer.o
 .debug_aranges
                0x00000188       0x58 src/oled/gfx_mono_generic.o
 .debug_aranges
                0x000001e0       0x40 src/oled/gfx_mono_text.o
 .debug_aranges
                0x00000220       0x60 src/oled/gfx_mono_ug_2832hsweg04.o
 .debug_aranges
                0x00000280       0x30 src/oled/ssd1306.o
 .debug_aranges
                0x000002b0       0x18 src/oled/sysfont.o
 .debug_aranges
                0x000002c8       0x20 src/ASF/common/services/delay/sam/cycle_counter.o
 .debug_aranges
                0x000002e8       0x40 src/ASF/common/services/clock/same70/sysclk.o
 .debug_aranges
                0x00000328       0x28 src/ASF/common/utils/interrupt/interrupt_sam_nvic.o
 .debug_aranges
                0x00000350       0x20 src/ASF/sam/boards/same70_xplained/init.o
 .debug_aranges
                0x00000370      0x1a8 src/ASF/sam/drivers/pio/pio.o
 .debug_aranges
                0x00000518       0x60 src/ASF/sam/drivers/pio/pio_handler.o
 .debug_aranges
                0x00000578      0x250 src/ASF/sam/drivers/pmc/pmc.o
 .debug_aranges
                0x000007c8       0x30 src/ASF/sam/drivers/pmc/sleep.o
 .debug_aranges
                0x000007f8       0x28 src/ASF/sam/utils/cmsis/same70/source/templates/gcc/startup_same70.o
 .debug_aranges
                0x00000820       0x30 src/ASF/sam/utils/cmsis/same70/source/templates/system_same70.o
 .debug_aranges
                0x00000850       0x60 src/ASF/sam/utils/syscalls/gcc/syscalls.o
 .debug_aranges
                0x000008b0       0x58 src/main.o

.debug_ranges   0x00000000      0x990
 .debug_ranges  0x00000000       0x50 src/ASF/sam/drivers/rtt/rtt.o
 .debug_ranges  0x00000050       0x80 src/ASF/sam/drivers/spi/spi.o
 .debug_ranges  0x000000d0       0x78 src/utils.o
 .debug_ranges  0x00000148       0x48 src/oled/gfx_mono_framebuffer.o
 .debug_ranges  0x00000190       0x48 src/oled/gfx_mono_generic.o
 .debug_ranges  0x000001d8       0x48 src/oled/gfx_mono_text.o
 .debug_ranges  0x00000220       0x80 src/oled/gfx_mono_ug_2832hsweg04.o
 .debug_ranges  0x000002a0       0x20 src/oled/ssd1306.o
 .debug_ranges  0x000002c0       0x10 src/ASF/common/services/delay/sam/cycle_counter.o
 .debug_ranges  0x000002d0       0x30 src/ASF/common/services/clock/same70/sysclk.o
 .debug_ranges  0x00000300       0x18 src/ASF/common/utils/interrupt/interrupt_sam_nvic.o
 .debug_ranges  0x00000318       0x10 src/ASF/sam/boards/same70_xplained/init.o
 .debug_ranges  0x00000328      0x2a0 src/ASF/sam/drivers/pio/pio.o
 .debug_ranges  0x000005c8       0x68 src/ASF/sam/drivers/pio/pio_handler.o
 .debug_ranges  0x00000630      0x240 src/ASF/sam/drivers/pmc/pmc.o
 .debug_ranges  0x00000870       0x50 src/ASF/sam/drivers/pmc/sleep.o
 .debug_ranges  0x000008c0       0x18 src/ASF/sam/utils/cmsis/same70/source/templates/gcc/startup_same70.o
 .debug_ranges  0x000008d8       0x20 src/ASF/sam/utils/cmsis/same70/source/templates/system_same70.o
 .debug_ranges  0x000008f8       0x50 src/ASF/sam/utils/syscalls/gcc/syscalls.o
 .debug_ranges  0x00000948       0x48 src/main.o

.debug_macro    0x00000000     0xaadd
 .debug_macro   0x00000000      0x660 src/ASF/sam/drivers/rtt/rtt.o
 .debug_macro   0x00000660      0x6d9 src/ASF/sam/drivers/spi/spi.o
 .debug_macro   0x00000d39       0x10 src/ASF/sam/drivers/spi/spi.o
 .debug_macro   0x00000d49       0x3a src/ASF/sam/drivers/spi/spi.o
 .debug_macro   0x00000d83      0x2c6 src/ASF/sam/drivers/spi/spi.o
 .debug_macro   0x00001049      0xa96 src/ASF/sam/drivers/spi/spi.o
 .debug_macro   0x00001adf       0x70 src/ASF/sam/drivers/spi/spi.o
 .debug_macro   0x00001b4f       0x64 src/ASF/sam/drivers/spi/spi.o
 .debug_macro   0x00001bb3       0x5f src/ASF/sam/drivers/spi/spi.o
 .debug_macro   0x00001c12       0xac src/ASF/sam/drivers/spi/spi.o
 .debug_macro   0x00001cbe      0x799 src/utils.o
 .debug_macro   0x00002457       0x50 src/utils.o
 .debug_macro   0x000024a7       0x28 src/utils.o
 .debug_macro   0x000024cf       0x23 src/utils.o
 .debug_macro   0x000024f2       0x94 src/utils.o
 .debug_macro   0x00002586       0x40 src/utils.o
 .debug_macro   0x000025c6       0x88 src/utils.o
 .debug_macro   0x0000264e      0x1ce src/utils.o
 .debug_macro   0x0000281c       0x34 src/utils.o
 .debug_macro   0x00002850       0x16 src/utils.o
 .debug_macro   0x00002866       0x1c src/utils.o
 .debug_macro   0x00002882       0x16 src/utils.o
 .debug_macro   0x00002898      0x7e6 src/oled/gfx_mono_framebuffer.o
 .debug_macro   0x0000307e       0x22 src/oled/gfx_mono_framebuffer.o
 .debug_macro   0x000030a0       0x7b src/oled/gfx_mono_framebuffer.o
 .debug_macro   0x0000311b       0x28 src/oled/gfx_mono_framebuffer.o
 .debug_macro   0x00003143       0xd1 src/oled/gfx_mono_framebuffer.o
 .debug_macro   0x00003214       0x8b src/oled/gfx_mono_framebuffer.o
 .debug_macro   0x0000329f      0x7e6 src/oled/gfx_mono_generic.o
 .debug_macro   0x00003a85      0x7ff src/oled/gfx_mono_text.o
 .debug_macro   0x00004284      0x7ea src/oled/gfx_mono_ug_2832hsweg04.o
 .debug_macro   0x00004a6e       0x28 src/oled/gfx_mono_ug_2832hsweg04.o
 .debug_macro   0x00004a96      0x7c0 src/oled/ssd1306.o
 .debug_macro   0x00005256      0x69c src/oled/sysfont.o
 .debug_macro   0x000058f2       0x3a src/oled/sysfont.o
 .debug_macro   0x0000592c      0x665 src/ASF/common/services/delay/sam/cycle_counter.o
 .debug_macro   0x00005f91       0x22 src/ASF/common/services/delay/sam/cycle_counter.o
 .debug_macro   0x00005fb3      0x6d1 src/ASF/common/services/clock/same70/sysclk.o
 .debug_macro   0x00006684      0x2c0 src/ASF/common/services/clock/same70/sysclk.o
 .debug_macro   0x00006944      0x655 src/ASF/common/utils/interrupt/interrupt_sam_nvic.o
 .debug_macro   0x00006f99      0x70b src/ASF/sam/boards/same70_xplained/init.o
 .debug_macro   0x000076a4       0x82 src/ASF/sam/boards/same70_xplained/init.o
 .debug_macro   0x00007726      0x66b src/ASF/sam/drivers/pio/pio.o
 .debug_macro   0x00007d91       0x8e src/ASF/sam/drivers/pio/pio.o
 .debug_macro   0x00007e1f      0x676 src/ASF/sam/drivers/pio/pio_handler.o
 .debug_macro   0x00008495      0x66b src/ASF/sam/drivers/pmc/pmc.o
 .debug_macro   0x00008b00       0x6a src/ASF/sam/drivers/pmc/pmc.o
 .debug_macro   0x00008b6a      0x684 src/ASF/sam/drivers/pmc/sleep.o
 .debug_macro   0x000091ee      0x664 src/ASF/sam/utils/cmsis/same70/source/templates/gcc/startup_same70.o
 .debug_macro   0x00009852       0x10 src/ASF/sam/utils/cmsis/same70/source/templates/gcc/startup_same70.o
 .debug_macro   0x00009862      0x455 src/ASF/sam/utils/cmsis/same70/source/templates/system_same70.o
 .debug_macro   0x00009cb7      0x1d6 src/ASF/sam/utils/syscalls/gcc/syscalls.o
 .debug_macro   0x00009e8d       0x97 src/ASF/sam/utils/syscalls/gcc/syscalls.o
 .debug_macro   0x00009f24       0xf6 src/ASF/sam/utils/syscalls/gcc/syscalls.o
 .debug_macro   0x0000a01a       0x4c src/ASF/sam/utils/syscalls/gcc/syscalls.o
 .debug_macro   0x0000a066       0x16 src/ASF/sam/utils/syscalls/gcc/syscalls.o
 .debug_macro   0x0000a07c       0x10 src/ASF/sam/utils/syscalls/gcc/syscalls.o
 .debug_macro   0x0000a08c       0x10 src/ASF/sam/utils/syscalls/gcc/syscalls.o
 .debug_macro   0x0000a09c       0x35 src/ASF/sam/utils/syscalls/gcc/syscalls.o
 .debug_macro   0x0000a0d1      0x122 src/ASF/sam/utils/syscalls/gcc/syscalls.o
 .debug_macro   0x0000a1f3      0x838 src/main.o
 .debug_macro   0x0000aa2b       0xb2 src/main.o

.debug_line     0x00000000     0xfe85
 .debug_line    0x00000000      0xa72 src/ASF/sam/drivers/rtt/rtt.o
 .debug_line    0x00000a72      0xc41 src/ASF/sam/drivers/spi/spi.o
 .debug_line    0x000016b3      0xe1e src/utils.o
 .debug_line    0x000024d1      0xe87 src/oled/gfx_mono_framebuffer.o
 .debug_line    0x00003358      0xf3b src/oled/gfx_mono_generic.o
 .debug_line    0x00004293      0xe95 src/oled/gfx_mono_text.o
 .debug_line    0x00005128      0xf0f src/oled/gfx_mono_ug_2832hsweg04.o
 .debug_line    0x00006037      0xe64 src/oled/ssd1306.o
 .debug_line    0x00006e9b      0xa1b src/oled/sysfont.o
 .debug_line    0x000078b6      0x9ed src/ASF/common/services/delay/sam/cycle_counter.o
 .debug_line    0x000082a3      0xb4f src/ASF/common/services/clock/same70/sysclk.o
 .debug_line    0x00008df2      0xa01 src/ASF/common/utils/interrupt/interrupt_sam_nvic.o
 .debug_line    0x000097f3      0xc04 src/ASF/sam/boards/same70_xplained/init.o
 .debug_line    0x0000a3f7      0xee3 src/ASF/sam/drivers/pio/pio.o
 .debug_line    0x0000b2da      0xabf src/ASF/sam/drivers/pio/pio_handler.o
 .debug_line    0x0000bd99     0x106b src/ASF/sam/drivers/pmc/pmc.o
 .debug_line    0x0000ce04      0xb4c src/ASF/sam/drivers/pmc/sleep.o
 .debug_line    0x0000d950      0xa73 src/ASF/sam/utils/cmsis/same70/source/templates/gcc/startup_same70.o
 .debug_line    0x0000e3c3      0x7e9 src/ASF/sam/utils/cmsis/same70/source/templates/system_same70.o
 .debug_line    0x0000ebac      0x40b src/ASF/sam/utils/syscalls/gcc/syscalls.o
 .debug_line    0x0000efb7      0xece src/main.o

.debug_str      0x00000000    0x905fa
 .debug_str     0x00000000    0x81989 src/ASF/sam/drivers/rtt/rtt.o
                              0x8201a (size before relaxing)
 .debug_str     0x00081989     0x4610 src/ASF/sam/drivers/spi/spi.o
                              0x8652f (size before relaxing)
 .debug_str     0x00085f99     0x24b2 src/utils.o
                              0x88724 (size before relaxing)
 .debug_str     0x0008844b     0x1198 src/oled/gfx_mono_framebuffer.o
                              0x88c2b (size before relaxing)
 .debug_str     0x000895e3      0x25c src/oled/gfx_mono_generic.o
                              0x88d6f (size before relaxing)
 .debug_str     0x0008983f      0x266 src/oled/gfx_mono_text.o
                              0x88d4a (size before relaxing)
 .debug_str     0x00089aa5      0x11c src/oled/gfx_mono_ug_2832hsweg04.o
                              0x88d0b (size before relaxing)
 .debug_str     0x00089bc1      0x2d0 src/oled/ssd1306.o
                              0x88943 (size before relaxing)
 .debug_str     0x00089e91     0x3ee1 src/oled/sysfont.o
                              0x86161 (size before relaxing)
 .debug_str     0x0008dd72       0x35 src/ASF/common/services/delay/sam/cycle_counter.o
                              0x82095 (size before relaxing)
 .debug_str     0x0008dda7      0x3ea src/ASF/common/services/clock/same70/sysclk.o
                              0x865b3 (size before relaxing)
 .debug_str     0x0008e191       0x94 src/ASF/common/utils/interrupt/interrupt_sam_nvic.o
                              0x81f65 (size before relaxing)
 .debug_str     0x0008e225      0x3a5 src/ASF/sam/boards/same70_xplained/init.o
                              0x870a3 (size before relaxing)
 .debug_str     0x0008e5ca      0x527 src/ASF/sam/drivers/pio/pio.o
                              0x82abb (size before relaxing)
 .debug_str     0x0008eaf1       0xe7 src/ASF/sam/drivers/pio/pio_handler.o
                              0x82bdd (size before relaxing)
 .debug_str     0x0008ebd8      0x68e src/ASF/sam/drivers/pmc/pmc.o
                              0x82c1f (size before relaxing)
 .debug_str     0x0008f266      0x165 src/ASF/sam/drivers/pmc/sleep.o
                              0x85ede (size before relaxing)
 .debug_str     0x0008f3cb      0x64c src/ASF/sam/utils/cmsis/same70/source/templates/gcc/startup_same70.o
                              0x82732 (size before relaxing)
 .debug_str     0x0008fa17      0x137 src/ASF/sam/utils/cmsis/same70/source/templates/system_same70.o
                              0x7283e (size before relaxing)
 .debug_str     0x0008fb4e      0x779 src/ASF/sam/utils/syscalls/gcc/syscalls.o
                               0x746f (size before relaxing)
 .debug_str     0x000902c7      0x333 src/main.o
                              0x8d1ec (size before relaxing)

.debug_frame    0x00000000     0x202c
 .debug_frame   0x00000000       0xac src/ASF/sam/drivers/rtt/rtt.o
 .debug_frame   0x000000ac      0x140 src/ASF/sam/drivers/spi/spi.o
 .debug_frame   0x000001ec       0xf0 src/utils.o
 .debug_frame   0x000002dc       0xdc src/oled/gfx_mono_framebuffer.o
 .debug_frame   0x000003b8      0x168 src/oled/gfx_mono_generic.o
 .debug_frame   0x00000520       0xc8 src/oled/gfx_mono_text.o
 .debug_frame   0x000005e8      0x124 src/oled/gfx_mono_ug_2832hsweg04.o
 .debug_frame   0x0000070c       0x6c src/oled/ssd1306.o
 .debug_frame   0x00000778       0x20 src/ASF/common/services/delay/sam/cycle_counter.o
 .debug_frame   0x00000798       0x88 src/ASF/common/services/clock/same70/sysclk.o
 .debug_frame   0x00000820       0x30 src/ASF/common/utils/interrupt/interrupt_sam_nvic.o
 .debug_frame   0x00000850       0x30 src/ASF/sam/boards/same70_xplained/init.o
 .debug_frame   0x00000880      0x390 src/ASF/sam/drivers/pio/pio.o
 .debug_frame   0x00000c10      0x110 src/ASF/sam/drivers/pio/pio_handler.o
 .debug_frame   0x00000d20      0x494 src/ASF/sam/drivers/pmc/pmc.o
 .debug_frame   0x000011b4       0x5c src/ASF/sam/drivers/pmc/sleep.o
 .debug_frame   0x00001210       0x38 src/ASF/sam/utils/cmsis/same70/source/templates/gcc/startup_same70.o
 .debug_frame   0x00001248       0x40 src/ASF/sam/utils/cmsis/same70/source/templates/system_same70.o
 .debug_frame   0x00001288       0xa0 src/ASF/sam/utils/syscalls/gcc/syscalls.o
 .debug_frame   0x00001328       0xf4 src/main.o
 .debug_frame   0x0000141c       0xac c:/program files (x86)/atmel/studio/7.0/toolchain/arm/arm-gnu-toolchain/bin/../lib/gcc/arm-none-eabi/6.3.1/thumb/v7e-m\libgcc.a(_arm_addsubdf3.o)
 .debug_frame   0x000014c8       0x50 c:/program files (x86)/atmel/studio/7.0/toolchain/arm/arm-gnu-toolchain/bin/../lib/gcc/arm-none-eabi/6.3.1/thumb/v7e-m\libgcc.a(_arm_muldivdf3.o)
 .debug_frame   0x00001518       0x24 c:/program files (x86)/atmel/studio/7.0/toolchain/arm/arm-gnu-toolchain/bin/../lib/gcc/arm-none-eabi/6.3.1/thumb/v7e-m\libgcc.a(_arm_truncdfsf2.o)
 .debug_frame   0x0000153c       0x2c c:/program files (x86)/atmel/studio/7.0/toolchain/arm/arm-gnu-toolchain/bin/../lib/gcc/arm-none-eabi/6.3.1/../../../../arm-none-eabi/lib/thumb/v7e-m\libc.a(lib_a-init.o)
 .debug_frame   0x00001568       0x34 c:/program files (x86)/atmel/studio/7.0/toolchain/arm/arm-gnu-toolchain/bin/../lib/gcc/arm-none-eabi/6.3.1/../../../../arm-none-eabi/lib/thumb/v7e-m\libc.a(lib_a-memset.o)
 .debug_frame   0x0000159c       0x84 c:/program files (x86)/atmel/studio/7.0/toolchain/arm/arm-gnu-toolchain/bin/../lib/gcc/arm-none-eabi/6.3.1/../../../../arm-none-eabi/lib/thumb/v7e-m\libc.a(lib_a-sprintf.o)
 .debug_frame   0x00001620       0x40 c:/program files (x86)/atmel/studio/7.0/toolchain/arm/arm-gnu-toolchain/bin/../lib/gcc/arm-none-eabi/6.3.1/../../../../arm-none-eabi/lib/thumb/v7e-m\libc.a(lib_a-svfprintf.o)
 .debug_frame   0x00001660       0x5c c:/program files (x86)/atmel/studio/7.0/toolchain/arm/arm-gnu-toolchain/bin/../lib/gcc/arm-none-eabi/6.3.1/../../../../arm-none-eabi/lib/thumb/v7e-m\libc.a(lib_a-__call_atexit.o)
 .debug_frame   0x000016bc       0x20 c:/program files (x86)/atmel/studio/7.0/toolchain/arm/arm-gnu-toolchain/bin/../lib/gcc/arm-none-eabi/6.3.1/../../../../arm-none-eabi/lib/thumb/v7e-m\libc.a(lib_a-atexit.o)
 .debug_frame   0x000016dc       0x88 c:/program files (x86)/atmel/studio/7.0/toolchain/arm/arm-gnu-toolchain/bin/../lib/gcc/arm-none-eabi/6.3.1/../../../../arm-none-eabi/lib/thumb/v7e-m\libc.a(lib_a-dtoa.o)
 .debug_frame   0x00001764       0x34 c:/program files (x86)/atmel/studio/7.0/toolchain/arm/arm-gnu-toolchain/bin/../lib/gcc/arm-none-eabi/6.3.1/../../../../arm-none-eabi/lib/thumb/v7e-m\libc.a(lib_a-fini.o)
 .debug_frame   0x00001798       0x40 c:/program files (x86)/atmel/studio/7.0/toolchain/arm/arm-gnu-toolchain/bin/../lib/gcc/arm-none-eabi/6.3.1/../../../../arm-none-eabi/lib/thumb/v7e-m\libc.a(lib_a-localeconv.o)
 .debug_frame   0x000017d8       0xb0 c:/program files (x86)/atmel/studio/7.0/toolchain/arm/arm-gnu-toolchain/bin/../lib/gcc/arm-none-eabi/6.3.1/../../../../arm-none-eabi/lib/thumb/v7e-m\libc.a(lib_a-lock.o)
 .debug_frame   0x00001888       0x58 c:/program files (x86)/atmel/studio/7.0/toolchain/arm/arm-gnu-toolchain/bin/../lib/gcc/arm-none-eabi/6.3.1/../../../../arm-none-eabi/lib/thumb/v7e-m\libc.a(lib_a-mallocr.o)
 .debug_frame   0x000018e0       0x30 c:/program files (x86)/atmel/studio/7.0/toolchain/arm/arm-gnu-toolchain/bin/../lib/gcc/arm-none-eabi/6.3.1/../../../../arm-none-eabi/lib/thumb/v7e-m\libc.a(lib_a-mlock.o)
 .debug_frame   0x00001910      0x25c c:/program files (x86)/atmel/studio/7.0/toolchain/arm/arm-gnu-toolchain/bin/../lib/gcc/arm-none-eabi/6.3.1/../../../../arm-none-eabi/lib/thumb/v7e-m\libc.a(lib_a-mprec.o)
 .debug_frame   0x00001b6c       0x2c c:/program files (x86)/atmel/studio/7.0/toolchain/arm/arm-gnu-toolchain/bin/../lib/gcc/arm-none-eabi/6.3.1/../../../../arm-none-eabi/lib/thumb/v7e-m\libc.a(lib_a-sbrkr.o)
 .debug_frame   0x00001b98       0x78 c:/program files (x86)/atmel/studio/7.0/toolchain/arm/arm-gnu-toolchain/bin/../lib/gcc/arm-none-eabi/6.3.1/../../../../arm-none-eabi/lib/thumb/v7e-m\libc.a(lib_a-svfiprintf.o)
 .debug_frame   0x00001c10       0x34 c:/program files (x86)/atmel/studio/7.0/toolchain/arm/arm-gnu-toolchain/bin/../lib/gcc/arm-none-eabi/6.3.1/../../../../arm-none-eabi/lib/thumb/v7e-m\libc.a(lib_a-__atexit.o)
 .debug_frame   0x00001c44       0x28 c:/program files (x86)/atmel/studio/7.0/toolchain/arm/arm-gnu-toolchain/bin/../lib/gcc/arm-none-eabi/6.3.1/../../../../arm-none-eabi/lib/thumb/v7e-m\libc.a(lib_a-callocr.o)
 .debug_frame   0x00001c6c       0x74 c:/program files (x86)/atmel/studio/7.0/toolchain/arm/arm-gnu-toolchain/bin/../lib/gcc/arm-none-eabi/6.3.1/../../../../arm-none-eabi/lib/thumb/v7e-m\libc.a(lib_a-freer.o)
 .debug_frame   0x00001ce0       0x6c c:/program files (x86)/atmel/studio/7.0/toolchain/arm/arm-gnu-toolchain/bin/../lib/gcc/arm-none-eabi/6.3.1/../../../../arm-none-eabi/lib/thumb/v7e-m\libc.a(lib_a-locale.o)
 .debug_frame   0x00001d4c       0x4c c:/program files (x86)/atmel/studio/7.0/toolchain/arm/arm-gnu-toolchain/bin/../lib/gcc/arm-none-eabi/6.3.1/../../../../arm-none-eabi/lib/thumb/v7e-m\libc.a(lib_a-mbtowc_r.o)
 .debug_frame   0x00001d98       0x30 c:/program files (x86)/atmel/studio/7.0/toolchain/arm/arm-gnu-toolchain/bin/../lib/gcc/arm-none-eabi/6.3.1/../../../../arm-none-eabi/lib/thumb/v7e-m\libc.a(lib_a-memmove.o)
 .debug_frame   0x00001dc8       0x68 c:/program files (x86)/atmel/studio/7.0/toolchain/arm/arm-gnu-toolchain/bin/../lib/gcc/arm-none-eabi/6.3.1/../../../../arm-none-eabi/lib/thumb/v7e-m\libc.a(lib_a-reallocr.o)
 .debug_frame   0x00001e30       0x58 c:/program files (x86)/atmel/studio/7.0/toolchain/arm/arm-gnu-toolchain/bin/../lib/gcc/arm-none-eabi/6.3.1/../../../../arm-none-eabi/lib/thumb/v7e-m\libc.a(lib_a-reent.o)
 .debug_frame   0x00001e88       0x3c c:/program files (x86)/atmel/studio/7.0/toolchain/arm/arm-gnu-toolchain/bin/../lib/gcc/arm-none-eabi/6.3.1/../../../../arm-none-eabi/lib/thumb/v7e-m\libc.a(lib_a-wctomb_r.o)
 .debug_frame   0x00001ec4       0xc4 c:/program files (x86)/atmel/studio/7.0/toolchain/arm/arm-gnu-toolchain/bin/../lib/gcc/arm-none-eabi/6.3.1/thumb/v7e-m\libgcc.a(_arm_cmpdf2.o)
 .debug_frame   0x00001f88       0x20 c:/program files (x86)/atmel/studio/7.0/toolchain/arm/arm-gnu-toolchain/bin/../lib/gcc/arm-none-eabi/6.3.1/thumb/v7e-m\libgcc.a(_arm_unorddf2.o)
 .debug_frame   0x00001fa8       0x24 c:/program files (x86)/atmel/studio/7.0/toolchain/arm/arm-gnu-toolchain/bin/../lib/gcc/arm-none-eabi/6.3.1/thumb/v7e-m\libgcc.a(_arm_fixdfsi.o)
 .debug_frame   0x00001fcc       0x2c c:/program files (x86)/atmel/studio/7.0/toolchain/arm/arm-gnu-toolchain/bin/../lib/gcc/arm-none-eabi/6.3.1/thumb/v7e-m\libgcc.a(_aeabi_uldivmod.o)
 .debug_frame   0x00001ff8       0x34 c:/program files (x86)/atmel/studio/7.0/toolchain/arm/arm-gnu-toolchain/bin/../lib/gcc/arm-none-eabi/6.3.1/thumb/v7e-m\libgcc.a(_udivmoddi4.o)

Cross Reference Table

Symbol                                            File
ACC_Handler                                       src/ASF/sam/utils/cmsis/same70/source/templates/gcc/startup_same70.o
AES_Handler                                       src/ASF/sam/utils/cmsis/same70/source/templates/gcc/startup_same70.o
AFEC0_Handler                                     src/ASF/sam/utils/cmsis/same70/source/templates/gcc/startup_same70.o
AFEC1_Handler                                     src/ASF/sam/utils/cmsis/same70/source/templates/gcc/startup_same70.o
BusFault_Handler                                  src/ASF/sam/utils/cmsis/same70/source/templates/gcc/startup_same70.o
DACC_Handler                                      src/ASF/sam/utils/cmsis/same70/source/templates/gcc/startup_same70.o
DebugMon_Handler                                  src/ASF/sam/utils/cmsis/same70/source/templates/gcc/startup_same70.o
Dummy_Handler                                     src/ASF/sam/utils/cmsis/same70/source/templates/gcc/startup_same70.o
EFC_Handler                                       src/ASF/sam/utils/cmsis/same70/source/templates/gcc/startup_same70.o
GMAC_Handler                                      src/ASF/sam/utils/cmsis/same70/source/templates/gcc/startup_same70.o
HSMCI_Handler                                     src/ASF/sam/utils/cmsis/same70/source/templates/gcc/startup_same70.o
HardFault_Handler                                 src/ASF/sam/utils/cmsis/same70/source/templates/gcc/startup_same70.o
ICM_Handler                                       src/ASF/sam/utils/cmsis/same70/source/templates/gcc/startup_same70.o
ISI_Handler                                       src/ASF/sam/utils/cmsis/same70/source/templates/gcc/startup_same70.o
MCAN0_Handler                                     src/ASF/sam/utils/cmsis/same70/source/templates/gcc/startup_same70.o
MCAN1_Handler                                     src/ASF/sam/utils/cmsis/same70/source/templates/gcc/startup_same70.o
MemManage_Handler                                 src/ASF/sam/utils/cmsis/same70/source/templates/gcc/startup_same70.o
NMI_Handler                                       src/ASF/sam/utils/cmsis/same70/source/templates/gcc/startup_same70.o
PIOA_Handler                                      src/ASF/sam/drivers/pio/pio_handler.o
PIOB_Handler                                      src/ASF/sam/drivers/pio/pio_handler.o
PIOC_Handler                                      src/ASF/sam/drivers/pio/pio_handler.o
PIOD_Handler                                      src/ASF/sam/drivers/pio/pio_handler.o
PIOE_Handler                                      src/ASF/sam/drivers/pio/pio_handler.o
PMC_Handler                                       src/ASF/sam/utils/cmsis/same70/source/templates/gcc/startup_same70.o
PWM0_Handler                                      src/ASF/sam/utils/cmsis/same70/source/templates/gcc/startup_same70.o
PWM1_Handler                                      src/ASF/sam/utils/cmsis/same70/source/templates/gcc/startup_same70.o
PendSV_Handler                                    src/ASF/sam/utils/cmsis/same70/source/templates/gcc/startup_same70.o
QSPI_Handler                                      src/ASF/sam/utils/cmsis/same70/source/templates/gcc/startup_same70.o
RSTC_Handler                                      src/ASF/sam/utils/cmsis/same70/source/templates/gcc/startup_same70.o
RSWDT_Handler                                     src/ASF/sam/utils/cmsis/same70/source/templates/gcc/startup_same70.o
RTC_Handler                                       src/ASF/sam/utils/cmsis/same70/source/templates/gcc/startup_same70.o
RTC_init                                          src/utils.o
RTT_Handler                                       src/main.o
                                                  src/ASF/sam/utils/cmsis/same70/source/templates/gcc/startup_same70.o
RTT_init                                          src/utils.o
                                                  src/main.o
Reset_Handler                                     src/ASF/sam/utils/cmsis/same70/source/templates/gcc/startup_same70.o
SDRAMC_Handler                                    src/ASF/sam/utils/cmsis/same70/source/templates/gcc/startup_same70.o
SPI0_Handler                                      src/ASF/sam/utils/cmsis/same70/source/templates/gcc/startup_same70.o
SPI1_Handler                                      src/ASF/sam/utils/cmsis/same70/source/templates/gcc/startup_same70.o
SSC_Handler                                       src/ASF/sam/utils/cmsis/same70/source/templates/gcc/startup_same70.o
SUPC_Handler                                      src/ASF/sam/utils/cmsis/same70/source/templates/gcc/startup_same70.o
SVC_Handler                                       src/ASF/sam/utils/cmsis/same70/source/templates/gcc/startup_same70.o
SysTick_Handler                                   src/ASF/sam/utils/cmsis/same70/source/templates/gcc/startup_same70.o
SystemCoreClock                                   src/ASF/sam/utils/cmsis/same70/source/templates/system_same70.o
SystemCoreClockUpdate                             src/ASF/sam/utils/cmsis/same70/source/templates/system_same70.o
                                                  src/ASF/common/services/clock/same70/sysclk.o
SystemInit                                        src/ASF/sam/utils/cmsis/same70/source/templates/system_same70.o
TC0_Handler                                       src/ASF/sam/utils/cmsis/same70/source/templates/gcc/startup_same70.o
TC10_Handler                                      src/ASF/sam/utils/cmsis/same70/source/templates/gcc/startup_same70.o
TC11_Handler                                      src/ASF/sam/utils/cmsis/same70/source/templates/gcc/startup_same70.o
TC1_Handler                                       src/ASF/sam/utils/cmsis/same70/source/templates/gcc/startup_same70.o
TC2_Handler                                       src/ASF/sam/utils/cmsis/same70/source/templates/gcc/startup_same70.o
TC3_Handler                                       src/ASF/sam/utils/cmsis/same70/source/templates/gcc/startup_same70.o
TC4_Handler                                       src/ASF/sam/utils/cmsis/same70/source/templates/gcc/startup_same70.o
TC5_Handler                                       src/ASF/sam/utils/cmsis/same70/source/templates/gcc/startup_same70.o
TC6_Handler                                       src/ASF/sam/utils/cmsis/same70/source/templates/gcc/startup_same70.o
TC7_Handler                                       src/ASF/sam/utils/cmsis/same70/source/templates/gcc/startup_same70.o
TC8_Handler                                       src/ASF/sam/utils/cmsis/same70/source/templates/gcc/startup_same70.o
TC9_Handler                                       src/ASF/sam/utils/cmsis/same70/source/templates/gcc/startup_same70.o
TC_init                                           src/utils.o
TRNG_Handler                                      src/ASF/sam/utils/cmsis/same70/source/templates/gcc/startup_same70.o
TWIHS0_Handler                                    src/ASF/sam/utils/cmsis/same70/source/templates/gcc/startup_same70.o
TWIHS1_Handler                                    src/ASF/sam/utils/cmsis/same70/source/templates/gcc/startup_same70.o
TWIHS2_Handler                                    src/ASF/sam/utils/cmsis/same70/source/templates/gcc/startup_same70.o
UART0_Handler                                     src/ASF/sam/utils/cmsis/same70/source/templates/gcc/startup_same70.o
UART1_Handler                                     src/ASF/sam/utils/cmsis/same70/source/templates/gcc/startup_same70.o
UART2_Handler                                     src/ASF/sam/utils/cmsis/same70/source/templates/gcc/startup_same70.o